Archive member included to satisfy reference by file (symbol)

C:\Users\hanna\Desktop\Koulu\3 Vuosi\EmbeddedSW\Exercise4\Exercise4a3\Exercise4a3\ArduinoCore\Debug\libArduinoCore.a(main.o)
                              D:/Program Files (x86)/Atmel/7.0/Packs/atmel/ATmega_DFP/1.2.209/gcc/dev/atmega328p/avr5/crtatmega328p.o (main)
C:\Users\hanna\Desktop\Koulu\3 Vuosi\EmbeddedSW\Exercise4\Exercise4a3\Exercise4a3\ArduinoCore\Debug\libArduinoCore.a(WInterrupts.o)
                              Sketch.o (attachInterrupt)
C:\Users\hanna\Desktop\Koulu\3 Vuosi\EmbeddedSW\Exercise4\Exercise4a3\Exercise4a3\ArduinoCore\Debug\libArduinoCore.a(wiring.o)
                              Sketch.o (delay)
C:\Users\hanna\Desktop\Koulu\3 Vuosi\EmbeddedSW\Exercise4\Exercise4a3\Exercise4a3\ArduinoCore\Debug\libArduinoCore.a(wiring_digital.o)
                              Sketch.o (pinMode)
C:\Users\hanna\Desktop\Koulu\3 Vuosi\EmbeddedSW\Exercise4\Exercise4a3\Exercise4a3\ArduinoCore\Debug\libArduinoCore.a(hooks.o)
                              C:\Users\hanna\Desktop\Koulu\3 Vuosi\EmbeddedSW\Exercise4\Exercise4a3\Exercise4a3\ArduinoCore\Debug\libArduinoCore.a(wiring.o) (yield)
d:/program files (x86)/atmel/7.0/toolchain/avr8/avr8-gnu-toolchain/bin/../lib/gcc/avr/5.4.0/avr5\libgcc.a(_exit.o)
                              D:/Program Files (x86)/Atmel/7.0/Packs/atmel/ATmega_DFP/1.2.209/gcc/dev/atmega328p/avr5/crtatmega328p.o (exit)
d:/program files (x86)/atmel/7.0/toolchain/avr8/avr8-gnu-toolchain/bin/../lib/gcc/avr/5.4.0/avr5\libgcc.a(_copy_data.o)
                              C:\Users\hanna\Desktop\Koulu\3 Vuosi\EmbeddedSW\Exercise4\Exercise4a3\Exercise4a3\ArduinoCore\Debug\libArduinoCore.a(WInterrupts.o) (__do_copy_data)
d:/program files (x86)/atmel/7.0/toolchain/avr8/avr8-gnu-toolchain/bin/../lib/gcc/avr/5.4.0/avr5\libgcc.a(_clear_bss.o)
                              Sketch.o (__do_clear_bss)

Discarded input sections

 .data          0x00000000        0x0 D:/Program Files (x86)/Atmel/7.0/Packs/atmel/ATmega_DFP/1.2.209/gcc/dev/atmega328p/avr5/crtatmega328p.o
 .bss           0x00000000        0x0 D:/Program Files (x86)/Atmel/7.0/Packs/atmel/ATmega_DFP/1.2.209/gcc/dev/atmega328p/avr5/crtatmega328p.o
 .text          0x00000000        0x0 Sketch.o
 .data          0x00000000        0x0 Sketch.o
 .bss           0x00000000        0x0 Sketch.o
 .text          0x00000000        0x0 C:\Users\hanna\Desktop\Koulu\3 Vuosi\EmbeddedSW\Exercise4\Exercise4a3\Exercise4a3\ArduinoCore\Debug\libArduinoCore.a(main.o)
 .data          0x00000000        0x0 C:\Users\hanna\Desktop\Koulu\3 Vuosi\EmbeddedSW\Exercise4\Exercise4a3\Exercise4a3\ArduinoCore\Debug\libArduinoCore.a(main.o)
 .bss           0x00000000        0x0 C:\Users\hanna\Desktop\Koulu\3 Vuosi\EmbeddedSW\Exercise4\Exercise4a3\Exercise4a3\ArduinoCore\Debug\libArduinoCore.a(main.o)
 .text.atexit   0x00000000        0x6 C:\Users\hanna\Desktop\Koulu\3 Vuosi\EmbeddedSW\Exercise4\Exercise4a3\Exercise4a3\ArduinoCore\Debug\libArduinoCore.a(main.o)
 .text._Z8setupUSBv
                0x00000000        0x2 C:\Users\hanna\Desktop\Koulu\3 Vuosi\EmbeddedSW\Exercise4\Exercise4a3\Exercise4a3\ArduinoCore\Debug\libArduinoCore.a(main.o)
 .text          0x00000000        0x0 C:\Users\hanna\Desktop\Koulu\3 Vuosi\EmbeddedSW\Exercise4\Exercise4a3\Exercise4a3\ArduinoCore\Debug\libArduinoCore.a(WInterrupts.o)
 .data          0x00000000        0x0 C:\Users\hanna\Desktop\Koulu\3 Vuosi\EmbeddedSW\Exercise4\Exercise4a3\Exercise4a3\ArduinoCore\Debug\libArduinoCore.a(WInterrupts.o)
 .bss           0x00000000        0x0 C:\Users\hanna\Desktop\Koulu\3 Vuosi\EmbeddedSW\Exercise4\Exercise4a3\Exercise4a3\ArduinoCore\Debug\libArduinoCore.a(WInterrupts.o)
 .text.detachInterrupt
                0x00000000       0x24 C:\Users\hanna\Desktop\Koulu\3 Vuosi\EmbeddedSW\Exercise4\Exercise4a3\Exercise4a3\ArduinoCore\Debug\libArduinoCore.a(WInterrupts.o)
 .text          0x00000000        0x0 C:\Users\hanna\Desktop\Koulu\3 Vuosi\EmbeddedSW\Exercise4\Exercise4a3\Exercise4a3\ArduinoCore\Debug\libArduinoCore.a(wiring.o)
 .data          0x00000000        0x0 C:\Users\hanna\Desktop\Koulu\3 Vuosi\EmbeddedSW\Exercise4\Exercise4a3\Exercise4a3\ArduinoCore\Debug\libArduinoCore.a(wiring.o)
 .bss           0x00000000        0x0 C:\Users\hanna\Desktop\Koulu\3 Vuosi\EmbeddedSW\Exercise4\Exercise4a3\Exercise4a3\ArduinoCore\Debug\libArduinoCore.a(wiring.o)
 .text.millis   0x00000000       0x18 C:\Users\hanna\Desktop\Koulu\3 Vuosi\EmbeddedSW\Exercise4\Exercise4a3\Exercise4a3\ArduinoCore\Debug\libArduinoCore.a(wiring.o)
 .text.delayMicroseconds
                0x00000000       0x16 C:\Users\hanna\Desktop\Koulu\3 Vuosi\EmbeddedSW\Exercise4\Exercise4a3\Exercise4a3\ArduinoCore\Debug\libArduinoCore.a(wiring.o)
 .text          0x00000000        0x0 C:\Users\hanna\Desktop\Koulu\3 Vuosi\EmbeddedSW\Exercise4\Exercise4a3\Exercise4a3\ArduinoCore\Debug\libArduinoCore.a(wiring_digital.o)
 .data          0x00000000        0x0 C:\Users\hanna\Desktop\Koulu\3 Vuosi\EmbeddedSW\Exercise4\Exercise4a3\Exercise4a3\ArduinoCore\Debug\libArduinoCore.a(wiring_digital.o)
 .bss           0x00000000        0x0 C:\Users\hanna\Desktop\Koulu\3 Vuosi\EmbeddedSW\Exercise4\Exercise4a3\Exercise4a3\ArduinoCore\Debug\libArduinoCore.a(wiring_digital.o)
 .text.digitalRead
                0x00000000       0x52 C:\Users\hanna\Desktop\Koulu\3 Vuosi\EmbeddedSW\Exercise4\Exercise4a3\Exercise4a3\ArduinoCore\Debug\libArduinoCore.a(wiring_digital.o)
 .progmem.data.port_to_input_PGM
                0x00000000        0xa C:\Users\hanna\Desktop\Koulu\3 Vuosi\EmbeddedSW\Exercise4\Exercise4a3\Exercise4a3\ArduinoCore\Debug\libArduinoCore.a(wiring_digital.o)
 .text          0x00000000        0x0 C:\Users\hanna\Desktop\Koulu\3 Vuosi\EmbeddedSW\Exercise4\Exercise4a3\Exercise4a3\ArduinoCore\Debug\libArduinoCore.a(hooks.o)
 .data          0x00000000        0x0 C:\Users\hanna\Desktop\Koulu\3 Vuosi\EmbeddedSW\Exercise4\Exercise4a3\Exercise4a3\ArduinoCore\Debug\libArduinoCore.a(hooks.o)
 .bss           0x00000000        0x0 C:\Users\hanna\Desktop\Koulu\3 Vuosi\EmbeddedSW\Exercise4\Exercise4a3\Exercise4a3\ArduinoCore\Debug\libArduinoCore.a(hooks.o)
 .text          0x00000000        0x0 d:/program files (x86)/atmel/7.0/toolchain/avr8/avr8-gnu-toolchain/bin/../lib/gcc/avr/5.4.0/avr5\libgcc.a(_exit.o)
 .data          0x00000000        0x0 d:/program files (x86)/atmel/7.0/toolchain/avr8/avr8-gnu-toolchain/bin/../lib/gcc/avr/5.4.0/avr5\libgcc.a(_exit.o)
 .bss           0x00000000        0x0 d:/program files (x86)/atmel/7.0/toolchain/avr8/avr8-gnu-toolchain/bin/../lib/gcc/avr/5.4.0/avr5\libgcc.a(_exit.o)
 .text.libgcc.mul
                0x00000000        0x0 d:/program files (x86)/atmel/7.0/toolchain/avr8/avr8-gnu-toolchain/bin/../lib/gcc/avr/5.4.0/avr5\libgcc.a(_exit.o)
 .text.libgcc.div
                0x00000000        0x0 d:/program files (x86)/atmel/7.0/toolchain/avr8/avr8-gnu-toolchain/bin/../lib/gcc/avr/5.4.0/avr5\libgcc.a(_exit.o)
 .text.libgcc   0x00000000        0x0 d:/program files (x86)/atmel/7.0/toolchain/avr8/avr8-gnu-toolchain/bin/../lib/gcc/avr/5.4.0/avr5\libgcc.a(_exit.o)
 .text.libgcc.prologue
                0x00000000        0x0 d:/program files (x86)/atmel/7.0/toolchain/avr8/avr8-gnu-toolchain/bin/../lib/gcc/avr/5.4.0/avr5\libgcc.a(_exit.o)
 .text.libgcc.builtins
                0x00000000        0x0 d:/program files (x86)/atmel/7.0/toolchain/avr8/avr8-gnu-toolchain/bin/../lib/gcc/avr/5.4.0/avr5\libgcc.a(_exit.o)
 .text.libgcc.fmul
                0x00000000        0x0 d:/program files (x86)/atmel/7.0/toolchain/avr8/avr8-gnu-toolchain/bin/../lib/gcc/avr/5.4.0/avr5\libgcc.a(_exit.o)
 .text.libgcc.fixed
                0x00000000        0x0 d:/program files (x86)/atmel/7.0/toolchain/avr8/avr8-gnu-toolchain/bin/../lib/gcc/avr/5.4.0/avr5\libgcc.a(_exit.o)
 .text          0x00000000        0x0 d:/program files (x86)/atmel/7.0/toolchain/avr8/avr8-gnu-toolchain/bin/../lib/gcc/avr/5.4.0/avr5\libgcc.a(_copy_data.o)
 .data          0x00000000        0x0 d:/program files (x86)/atmel/7.0/toolchain/avr8/avr8-gnu-toolchain/bin/../lib/gcc/avr/5.4.0/avr5\libgcc.a(_copy_data.o)
 .bss           0x00000000        0x0 d:/program files (x86)/atmel/7.0/toolchain/avr8/avr8-gnu-toolchain/bin/../lib/gcc/avr/5.4.0/avr5\libgcc.a(_copy_data.o)
 .text.libgcc.mul
                0x00000000        0x0 d:/program files (x86)/atmel/7.0/toolchain/avr8/avr8-gnu-toolchain/bin/../lib/gcc/avr/5.4.0/avr5\libgcc.a(_copy_data.o)
 .text.libgcc.div
                0x00000000        0x0 d:/program files (x86)/atmel/7.0/toolchain/avr8/avr8-gnu-toolchain/bin/../lib/gcc/avr/5.4.0/avr5\libgcc.a(_copy_data.o)
 .text.libgcc   0x00000000        0x0 d:/program files (x86)/atmel/7.0/toolchain/avr8/avr8-gnu-toolchain/bin/../lib/gcc/avr/5.4.0/avr5\libgcc.a(_copy_data.o)
 .text.libgcc.prologue
                0x00000000        0x0 d:/program files (x86)/atmel/7.0/toolchain/avr8/avr8-gnu-toolchain/bin/../lib/gcc/avr/5.4.0/avr5\libgcc.a(_copy_data.o)
 .text.libgcc.builtins
                0x00000000        0x0 d:/program files (x86)/atmel/7.0/toolchain/avr8/avr8-gnu-toolchain/bin/../lib/gcc/avr/5.4.0/avr5\libgcc.a(_copy_data.o)
 .text.libgcc.fmul
                0x00000000        0x0 d:/program files (x86)/atmel/7.0/toolchain/avr8/avr8-gnu-toolchain/bin/../lib/gcc/avr/5.4.0/avr5\libgcc.a(_copy_data.o)
 .text.libgcc.fixed
                0x00000000        0x0 d:/program files (x86)/atmel/7.0/toolchain/avr8/avr8-gnu-toolchain/bin/../lib/gcc/avr/5.4.0/avr5\libgcc.a(_copy_data.o)
 .text          0x00000000        0x0 d:/program files (x86)/atmel/7.0/toolchain/avr8/avr8-gnu-toolchain/bin/../lib/gcc/avr/5.4.0/avr5\libgcc.a(_clear_bss.o)
 .data          0x00000000        0x0 d:/program files (x86)/atmel/7.0/toolchain/avr8/avr8-gnu-toolchain/bin/../lib/gcc/avr/5.4.0/avr5\libgcc.a(_clear_bss.o)
 .bss           0x00000000        0x0 d:/program files (x86)/atmel/7.0/toolchain/avr8/avr8-gnu-toolchain/bin/../lib/gcc/avr/5.4.0/avr5\libgcc.a(_clear_bss.o)
 .text.libgcc.mul
                0x00000000        0x0 d:/program files (x86)/atmel/7.0/toolchain/avr8/avr8-gnu-toolchain/bin/../lib/gcc/avr/5.4.0/avr5\libgcc.a(_clear_bss.o)
 .text.libgcc.div
                0x00000000        0x0 d:/program files (x86)/atmel/7.0/toolchain/avr8/avr8-gnu-toolchain/bin/../lib/gcc/avr/5.4.0/avr5\libgcc.a(_clear_bss.o)
 .text.libgcc   0x00000000        0x0 d:/program files (x86)/atmel/7.0/toolchain/avr8/avr8-gnu-toolchain/bin/../lib/gcc/avr/5.4.0/avr5\libgcc.a(_clear_bss.o)
 .text.libgcc.prologue
                0x00000000        0x0 d:/program files (x86)/atmel/7.0/toolchain/avr8/avr8-gnu-toolchain/bin/../lib/gcc/avr/5.4.0/avr5\libgcc.a(_clear_bss.o)
 .text.libgcc.builtins
                0x00000000        0x0 d:/program files (x86)/atmel/7.0/toolchain/avr8/avr8-gnu-toolchain/bin/../lib/gcc/avr/5.4.0/avr5\libgcc.a(_clear_bss.o)
 .text.libgcc.fmul
                0x00000000        0x0 d:/program files (x86)/atmel/7.0/toolchain/avr8/avr8-gnu-toolchain/bin/../lib/gcc/avr/5.4.0/avr5\libgcc.a(_clear_bss.o)
 .text.libgcc.fixed
                0x00000000        0x0 d:/program files (x86)/atmel/7.0/toolchain/avr8/avr8-gnu-toolchain/bin/../lib/gcc/avr/5.4.0/avr5\libgcc.a(_clear_bss.o)

Memory Configuration

Name             Origin             Length             Attributes
text             0x00000000         0x00020000         xr
data             0x00800060         0x0000ffa0         rw !x
eeprom           0x00810000         0x00010000         rw !x
fuse             0x00820000         0x00000003         rw !x
lock             0x00830000         0x00000400         rw !x
signature        0x00840000         0x00000400         rw !x
user_signatures  0x00850000         0x00000400         rw !x
*default*        0x00000000         0xffffffff

Linker script and memory map

Address of section .data set to 0x800100
LOAD D:/Program Files (x86)/Atmel/7.0/Packs/atmel/ATmega_DFP/1.2.209/gcc/dev/atmega328p/avr5/crtatmega328p.o
LOAD Sketch.o
START GROUP
LOAD d:/program files (x86)/atmel/7.0/toolchain/avr8/avr8-gnu-toolchain/bin/../lib/gcc/avr/5.4.0/../../../../avr/lib/avr5\libm.a
LOAD C:\Users\hanna\Desktop\Koulu\3 Vuosi\EmbeddedSW\Exercise4\Exercise4a3\Exercise4a3\ArduinoCore\Debug\libArduinoCore.a
END GROUP
LOAD d:/program files (x86)/atmel/7.0/toolchain/avr8/avr8-gnu-toolchain/bin/../lib/gcc/avr/5.4.0/avr5\libgcc.a
LOAD d:/program files (x86)/atmel/7.0/toolchain/avr8/avr8-gnu-toolchain/bin/../lib/gcc/avr/5.4.0/../../../../avr/lib/avr5\libm.a
START GROUP
LOAD d:/program files (x86)/atmel/7.0/toolchain/avr8/avr8-gnu-toolchain/bin/../lib/gcc/avr/5.4.0/avr5\libgcc.a
LOAD d:/program files (x86)/atmel/7.0/toolchain/avr8/avr8-gnu-toolchain/bin/../lib/gcc/avr/5.4.0/../../../../avr/lib/avr5\libm.a
LOAD d:/program files (x86)/atmel/7.0/toolchain/avr8/avr8-gnu-toolchain/bin/../lib/gcc/avr/5.4.0/../../../../avr/lib/avr5\libc.a
LOAD D:/Program Files (x86)/Atmel/7.0/Packs/atmel/ATmega_DFP/1.2.209/gcc/dev/atmega328p/avr5\libatmega328p.a
END GROUP
                0x00020000                __TEXT_REGION_LENGTH__ = DEFINED (__TEXT_REGION_LENGTH__)?__TEXT_REGION_LENGTH__:0x20000
                0x0000ffa0                __DATA_REGION_LENGTH__ = DEFINED (__DATA_REGION_LENGTH__)?__DATA_REGION_LENGTH__:0xffa0
                0x00010000                __EEPROM_REGION_LENGTH__ = DEFINED (__EEPROM_REGION_LENGTH__)?__EEPROM_REGION_LENGTH__:0x10000
                [0x00000003]                __FUSE_REGION_LENGTH__ = DEFINED (__FUSE_REGION_LENGTH__)?__FUSE_REGION_LENGTH__:0x400
                0x00000400                __LOCK_REGION_LENGTH__ = DEFINED (__LOCK_REGION_LENGTH__)?__LOCK_REGION_LENGTH__:0x400
                0x00000400                __SIGNATURE_REGION_LENGTH__ = DEFINED (__SIGNATURE_REGION_LENGTH__)?__SIGNATURE_REGION_LENGTH__:0x400
                0x00000400                __USER_SIGNATURE_REGION_LENGTH__ = DEFINED (__USER_SIGNATURE_REGION_LENGTH__)?__USER_SIGNATURE_REGION_LENGTH__:0x400

.hash
 *(.hash)

.dynsym
 *(.dynsym)

.dynstr
 *(.dynstr)

.gnu.version
 *(.gnu.version)

.gnu.version_d
 *(.gnu.version_d)

.gnu.version_r
 *(.gnu.version_r)

.rel.init
 *(.rel.init)

.rela.init
 *(.rela.init)

.rel.text
 *(.rel.text)
 *(.rel.text.*)
 *(.rel.gnu.linkonce.t*)

.rela.text
 *(.rela.text)
 *(.rela.text.*)
 *(.rela.gnu.linkonce.t*)

.rel.fini
 *(.rel.fini)

.rela.fini
 *(.rela.fini)

.rel.rodata
 *(.rel.rodata)
 *(.rel.rodata.*)
 *(.rel.gnu.linkonce.r*)

.rela.rodata
 *(.rela.rodata)
 *(.rela.rodata.*)
 *(.rela.gnu.linkonce.r*)

.rel.data
 *(.rel.data)
 *(.rel.data.*)
 *(.rel.gnu.linkonce.d*)

.rela.data
 *(.rela.data)
 *(.rela.data.*)
 *(.rela.gnu.linkonce.d*)

.rel.ctors
 *(.rel.ctors)

.rela.ctors
 *(.rela.ctors)

.rel.dtors
 *(.rel.dtors)

.rela.dtors
 *(.rela.dtors)

.rel.got
 *(.rel.got)

.rela.got
 *(.rela.got)

.rel.bss
 *(.rel.bss)

.rela.bss
 *(.rela.bss)

.rel.plt
 *(.rel.plt)

.rela.plt
 *(.rela.plt)

.text           0x00000000      0x5ea
 *(.vectors)
 .vectors       0x00000000       0x68 D:/Program Files (x86)/Atmel/7.0/Packs/atmel/ATmega_DFP/1.2.209/gcc/dev/atmega328p/avr5/crtatmega328p.o
                0x00000000                __vector_default
                0x00000000                __vectors
 *(.vectors)
 *(.progmem.gcc*)
                0x00000068                . = ALIGN (0x2)
                0x00000068                __trampolines_start = .
 *(.trampolines)
 .trampolines   0x00000068        0x0 linker stubs
 *(.trampolines*)
                0x00000068                __trampolines_end = .
 *libprintf_flt.a:*(.progmem.data)
 *libc.a:*(.progmem.data)
 *(.progmem*)
 .progmem.data.digital_pin_to_timer_PGM
                0x00000068       0x14 C:\Users\hanna\Desktop\Koulu\3 Vuosi\EmbeddedSW\Exercise4\Exercise4a3\Exercise4a3\ArduinoCore\Debug\libArduinoCore.a(wiring_digital.o)
                0x00000068                digital_pin_to_timer_PGM
 .progmem.data.digital_pin_to_bit_mask_PGM
                0x0000007c       0x14 C:\Users\hanna\Desktop\Koulu\3 Vuosi\EmbeddedSW\Exercise4\Exercise4a3\Exercise4a3\ArduinoCore\Debug\libArduinoCore.a(wiring_digital.o)
                0x0000007c                digital_pin_to_bit_mask_PGM
 .progmem.data.digital_pin_to_port_PGM
                0x00000090       0x14 C:\Users\hanna\Desktop\Koulu\3 Vuosi\EmbeddedSW\Exercise4\Exercise4a3\Exercise4a3\ArduinoCore\Debug\libArduinoCore.a(wiring_digital.o)
                0x00000090                digital_pin_to_port_PGM
 .progmem.data.port_to_output_PGM
                0x000000a4        0xa C:\Users\hanna\Desktop\Koulu\3 Vuosi\EmbeddedSW\Exercise4\Exercise4a3\Exercise4a3\ArduinoCore\Debug\libArduinoCore.a(wiring_digital.o)
                0x000000a4                port_to_output_PGM
 .progmem.data.port_to_mode_PGM
                0x000000ae        0xa C:\Users\hanna\Desktop\Koulu\3 Vuosi\EmbeddedSW\Exercise4\Exercise4a3\Exercise4a3\ArduinoCore\Debug\libArduinoCore.a(wiring_digital.o)
                0x000000ae                port_to_mode_PGM
                0x000000b8                . = ALIGN (0x2)
 *(.jumptables)
 *(.jumptables*)
 *(.lowtext)
 *(.lowtext*)
                0x000000b8                __ctors_start = .
 *(.ctors)
                0x000000b8                __ctors_end = .
                0x000000b8                __dtors_start = .
 *(.dtors)
                0x000000b8                __dtors_end = .
 SORT(*)(.ctors)
 SORT(*)(.dtors)
 *(.init0)
 .init0         0x000000b8        0x0 D:/Program Files (x86)/Atmel/7.0/Packs/atmel/ATmega_DFP/1.2.209/gcc/dev/atmega328p/avr5/crtatmega328p.o
                0x000000b8                __init
 *(.init0)
 *(.init1)
 *(.init1)
 *(.init2)
 .init2         0x000000b8        0xc D:/Program Files (x86)/Atmel/7.0/Packs/atmel/ATmega_DFP/1.2.209/gcc/dev/atmega328p/avr5/crtatmega328p.o
 *(.init2)
 *(.init3)
 *(.init3)
 *(.init4)
 .init4         0x000000c4       0x16 d:/program files (x86)/atmel/7.0/toolchain/avr8/avr8-gnu-toolchain/bin/../lib/gcc/avr/5.4.0/avr5\libgcc.a(_copy_data.o)
                0x000000c4                __do_copy_data
 .init4         0x000000da       0x10 d:/program files (x86)/atmel/7.0/toolchain/avr8/avr8-gnu-toolchain/bin/../lib/gcc/avr/5.4.0/avr5\libgcc.a(_clear_bss.o)
                0x000000da                __do_clear_bss
 *(.init4)
 *(.init5)
 *(.init5)
 *(.init6)
 *(.init6)
 *(.init7)
 *(.init7)
 *(.init8)
 *(.init8)
 *(.init9)
 .init9         0x000000ea        0x8 D:/Program Files (x86)/Atmel/7.0/Packs/atmel/ATmega_DFP/1.2.209/gcc/dev/atmega328p/avr5/crtatmega328p.o
 *(.init9)
 *(.text)
 .text          0x000000f2        0x4 D:/Program Files (x86)/Atmel/7.0/Packs/atmel/ATmega_DFP/1.2.209/gcc/dev/atmega328p/avr5/crtatmega328p.o
                0x000000f2                __vector_22
                0x000000f2                __vector_24
                0x000000f2                __vector_12
                0x000000f2                __bad_interrupt
                0x000000f2                __vector_6
                0x000000f2                __vector_3
                0x000000f2                __vector_23
                0x000000f2                __vector_25
                0x000000f2                __vector_11
                0x000000f2                __vector_13
                0x000000f2                __vector_17
                0x000000f2                __vector_19
                0x000000f2                __vector_7
                0x000000f2                __vector_5
                0x000000f2                __vector_4
                0x000000f2                __vector_9
                0x000000f2                __vector_21
                0x000000f2                __vector_15
                0x000000f2                __vector_8
                0x000000f2                __vector_14
                0x000000f2                __vector_10
                0x000000f2                __vector_18
                0x000000f2                __vector_20
                0x000000f6                . = ALIGN (0x2)
 *(.text.*)
 .text._Z10greenLedOnv
                0x000000f6       0x18 Sketch.o
                0x000000f6                _Z10greenLedOnv
 .text._Z11yellowLedOnv
                0x0000010e        0xe Sketch.o
                0x0000010e                _Z11yellowLedOnv
 .text.setup    0x0000011c       0x34 Sketch.o
                0x0000011c                setup
 .text.loop     0x00000150       0xa2 Sketch.o
                0x00000150                loop
 .text.initVariant
                0x000001f2        0x2 C:\Users\hanna\Desktop\Koulu\3 Vuosi\EmbeddedSW\Exercise4\Exercise4a3\Exercise4a3\ArduinoCore\Debug\libArduinoCore.a(main.o)
                0x000001f2                initVariant
 .text.startup.main
                0x000001f4       0x1e C:\Users\hanna\Desktop\Koulu\3 Vuosi\EmbeddedSW\Exercise4\Exercise4a3\Exercise4a3\ArduinoCore\Debug\libArduinoCore.a(main.o)
                0x000001f4                main
 .text.nothing  0x00000212        0x2 C:\Users\hanna\Desktop\Koulu\3 Vuosi\EmbeddedSW\Exercise4\Exercise4a3\Exercise4a3\ArduinoCore\Debug\libArduinoCore.a(WInterrupts.o)
 .text.attachInterrupt
                0x00000214       0x40 C:\Users\hanna\Desktop\Koulu\3 Vuosi\EmbeddedSW\Exercise4\Exercise4a3\Exercise4a3\ArduinoCore\Debug\libArduinoCore.a(WInterrupts.o)
                0x00000214                attachInterrupt
 .text.__vector_1
                0x00000254       0x4e C:\Users\hanna\Desktop\Koulu\3 Vuosi\EmbeddedSW\Exercise4\Exercise4a3\Exercise4a3\ArduinoCore\Debug\libArduinoCore.a(WInterrupts.o)
                0x00000254                __vector_1
 .text.__vector_2
                0x000002a2       0x4e C:\Users\hanna\Desktop\Koulu\3 Vuosi\EmbeddedSW\Exercise4\Exercise4a3\Exercise4a3\ArduinoCore\Debug\libArduinoCore.a(WInterrupts.o)
                0x000002a2                __vector_2
 .text.__vector_16
                0x000002f0       0x94 C:\Users\hanna\Desktop\Koulu\3 Vuosi\EmbeddedSW\Exercise4\Exercise4a3\Exercise4a3\ArduinoCore\Debug\libArduinoCore.a(wiring.o)
                0x000002f0                __vector_16
 .text.micros   0x00000384       0x4a C:\Users\hanna\Desktop\Koulu\3 Vuosi\EmbeddedSW\Exercise4\Exercise4a3\Exercise4a3\ArduinoCore\Debug\libArduinoCore.a(wiring.o)
                0x00000384                micros
 .text.delay    0x000003ce       0x78 C:\Users\hanna\Desktop\Koulu\3 Vuosi\EmbeddedSW\Exercise4\Exercise4a3\Exercise4a3\ArduinoCore\Debug\libArduinoCore.a(wiring.o)
                0x000003ce                delay
 .text.init     0x00000446       0x76 C:\Users\hanna\Desktop\Koulu\3 Vuosi\EmbeddedSW\Exercise4\Exercise4a3\Exercise4a3\ArduinoCore\Debug\libArduinoCore.a(wiring.o)
                0x00000446                init
 .text.turnOffPWM
                0x000004bc       0x52 C:\Users\hanna\Desktop\Koulu\3 Vuosi\EmbeddedSW\Exercise4\Exercise4a3\Exercise4a3\ArduinoCore\Debug\libArduinoCore.a(wiring_digital.o)
 .text.pinMode  0x0000050e       0x78 C:\Users\hanna\Desktop\Koulu\3 Vuosi\EmbeddedSW\Exercise4\Exercise4a3\Exercise4a3\ArduinoCore\Debug\libArduinoCore.a(wiring_digital.o)
                0x0000050e                pinMode
 .text.digitalWrite
                0x00000586       0x5e C:\Users\hanna\Desktop\Koulu\3 Vuosi\EmbeddedSW\Exercise4\Exercise4a3\Exercise4a3\ArduinoCore\Debug\libArduinoCore.a(wiring_digital.o)
                0x00000586                digitalWrite
 .text.__empty  0x000005e4        0x2 C:\Users\hanna\Desktop\Koulu\3 Vuosi\EmbeddedSW\Exercise4\Exercise4a3\Exercise4a3\ArduinoCore\Debug\libArduinoCore.a(hooks.o)
                0x000005e4                yield
                0x000005e6                . = ALIGN (0x2)
 *(.fini9)
 .fini9         0x000005e6        0x0 d:/program files (x86)/atmel/7.0/toolchain/avr8/avr8-gnu-toolchain/bin/../lib/gcc/avr/5.4.0/avr5\libgcc.a(_exit.o)
                0x000005e6                _exit
                0x000005e6                exit
 *(.fini9)
 *(.fini8)
 *(.fini8)
 *(.fini7)
 *(.fini7)
 *(.fini6)
 *(.fini6)
 *(.fini5)
 *(.fini5)
 *(.fini4)
 *(.fini4)
 *(.fini3)
 *(.fini3)
 *(.fini2)
 *(.fini2)
 *(.fini1)
 *(.fini1)
 *(.fini0)
 .fini0         0x000005e6        0x4 d:/program files (x86)/atmel/7.0/toolchain/avr8/avr8-gnu-toolchain/bin/../lib/gcc/avr/5.4.0/avr5\libgcc.a(_exit.o)
 *(.fini0)
                0x000005ea                _etext = .

.data           0x00800100        0x4 load address 0x000005ea
                0x00800100                PROVIDE (__data_start, .)
 *(.data)
 *(.data*)
 .data.intFunc  0x00800100        0x4 C:\Users\hanna\Desktop\Koulu\3 Vuosi\EmbeddedSW\Exercise4\Exercise4a3\Exercise4a3\ArduinoCore\Debug\libArduinoCore.a(WInterrupts.o)
 *(.gnu.linkonce.d*)
 *(.rodata)
 *(.rodata*)
 *(.gnu.linkonce.r*)
                0x00800104                . = ALIGN (0x2)
                0x00800104                _edata = .
                0x00800104                PROVIDE (__data_end, .)

.bss            0x00800104        0xb
                0x00800104                PROVIDE (__bss_start, .)
 *(.bss)
 *(.bss*)
 .bss.yellowOutput
                0x00800104        0x1 Sketch.o
                0x00800104                yellowOutput
 .bss.greenOutput
                0x00800105        0x1 Sketch.o
                0x00800105                greenOutput
 .bss.timer0_fract
                0x00800106        0x1 C:\Users\hanna\Desktop\Koulu\3 Vuosi\EmbeddedSW\Exercise4\Exercise4a3\Exercise4a3\ArduinoCore\Debug\libArduinoCore.a(wiring.o)
 .bss.timer0_millis
                0x00800107        0x4 C:\Users\hanna\Desktop\Koulu\3 Vuosi\EmbeddedSW\Exercise4\Exercise4a3\Exercise4a3\ArduinoCore\Debug\libArduinoCore.a(wiring.o)
                0x00800107                timer0_millis
 .bss.timer0_overflow_count
                0x0080010b        0x4 C:\Users\hanna\Desktop\Koulu\3 Vuosi\EmbeddedSW\Exercise4\Exercise4a3\Exercise4a3\ArduinoCore\Debug\libArduinoCore.a(wiring.o)
                0x0080010b                timer0_overflow_count
 *(COMMON)
                0x0080010f                PROVIDE (__bss_end, .)
                0x000005ea                __data_load_start = LOADADDR (.data)
                0x000005ee                __data_load_end = (__data_load_start + SIZEOF (.data))

.noinit         0x0080010f        0x0
                [!provide]                PROVIDE (__noinit_start, .)
 *(.noinit*)
                [!provide]                PROVIDE (__noinit_end, .)
                0x0080010f                _end = .
                [!provide]                PROVIDE (__heap_start, .)

.eeprom         0x00810000        0x0
 *(.eeprom*)
                0x00810000                __eeprom_end = .

.fuse
 *(.fuse)
 *(.lfuse)
 *(.hfuse)
 *(.efuse)

.lock
 *(.lock*)

.signature
 *(.signature*)

.user_signatures
 *(.user_signatures*)

.stab
 *(.stab)

.stabstr
 *(.stabstr)

.stab.excl
 *(.stab.excl)

.stab.exclstr
 *(.stab.exclstr)

.stab.index
 *(.stab.index)

.stab.indexstr
 *(.stab.indexstr)

.comment        0x00000000       0x30
 *(.comment)
 .comment       0x00000000       0x30 Sketch.o
                                 0x31 (size before relaxing)
 .comment       0x00000030       0x31 C:\Users\hanna\Desktop\Koulu\3 Vuosi\EmbeddedSW\Exercise4\Exercise4a3\Exercise4a3\ArduinoCore\Debug\libArduinoCore.a(main.o)
 .comment       0x00000030       0x31 C:\Users\hanna\Desktop\Koulu\3 Vuosi\EmbeddedSW\Exercise4\Exercise4a3\Exercise4a3\ArduinoCore\Debug\libArduinoCore.a(WInterrupts.o)
 .comment       0x00000030       0x31 C:\Users\hanna\Desktop\Koulu\3 Vuosi\EmbeddedSW\Exercise4\Exercise4a3\Exercise4a3\ArduinoCore\Debug\libArduinoCore.a(wiring.o)
 .comment       0x00000030       0x31 C:\Users\hanna\Desktop\Koulu\3 Vuosi\EmbeddedSW\Exercise4\Exercise4a3\Exercise4a3\ArduinoCore\Debug\libArduinoCore.a(wiring_digital.o)
 .comment       0x00000030       0x31 C:\Users\hanna\Desktop\Koulu\3 Vuosi\EmbeddedSW\Exercise4\Exercise4a3\Exercise4a3\ArduinoCore\Debug\libArduinoCore.a(hooks.o)

.note.gnu.avr.deviceinfo
                0x00000000       0x40
 .note.gnu.avr.deviceinfo
                0x00000000       0x40 D:/Program Files (x86)/Atmel/7.0/Packs/atmel/ATmega_DFP/1.2.209/gcc/dev/atmega328p/avr5/crtatmega328p.o

.note.gnu.build-id
 *(.note.gnu.build-id)

.debug
 *(.debug)

.line
 *(.line)

.debug_srcinfo
 *(.debug_srcinfo)

.debug_sfnames
 *(.debug_sfnames)

.debug_aranges  0x00000000      0x148
 *(.debug_aranges)
 .debug_aranges
                0x00000000       0x38 Sketch.o
 .debug_aranges
                0x00000038       0x30 C:\Users\hanna\Desktop\Koulu\3 Vuosi\EmbeddedSW\Exercise4\Exercise4a3\Exercise4a3\ArduinoCore\Debug\libArduinoCore.a(main.o)
 .debug_aranges
                0x00000068       0x40 C:\Users\hanna\Desktop\Koulu\3 Vuosi\EmbeddedSW\Exercise4\Exercise4a3\Exercise4a3\ArduinoCore\Debug\libArduinoCore.a(WInterrupts.o)
 .debug_aranges
                0x000000a8       0x48 C:\Users\hanna\Desktop\Koulu\3 Vuosi\EmbeddedSW\Exercise4\Exercise4a3\Exercise4a3\ArduinoCore\Debug\libArduinoCore.a(wiring.o)
 .debug_aranges
                0x000000f0       0x38 C:\Users\hanna\Desktop\Koulu\3 Vuosi\EmbeddedSW\Exercise4\Exercise4a3\Exercise4a3\ArduinoCore\Debug\libArduinoCore.a(wiring_digital.o)
 .debug_aranges
                0x00000128       0x20 C:\Users\hanna\Desktop\Koulu\3 Vuosi\EmbeddedSW\Exercise4\Exercise4a3\Exercise4a3\ArduinoCore\Debug\libArduinoCore.a(hooks.o)

.debug_pubnames
 *(.debug_pubnames)

.debug_info     0x00000000     0x173b
 *(.debug_info .gnu.linkonce.wi.*)
 .debug_info    0x00000000      0x5f4 D:/Program Files (x86)/Atmel/7.0/Packs/atmel/ATmega_DFP/1.2.209/gcc/dev/atmega328p/avr5/crtatmega328p.o
 .debug_info    0x000005f4      0x3ed Sketch.o
 .debug_info    0x000009e1      0x237 C:\Users\hanna\Desktop\Koulu\3 Vuosi\EmbeddedSW\Exercise4\Exercise4a3\Exercise4a3\ArduinoCore\Debug\libArduinoCore.a(main.o)
 .debug_info    0x00000c18      0x21c C:\Users\hanna\Desktop\Koulu\3 Vuosi\EmbeddedSW\Exercise4\Exercise4a3\Exercise4a3\ArduinoCore\Debug\libArduinoCore.a(WInterrupts.o)
 .debug_info    0x00000e34      0x2cb C:\Users\hanna\Desktop\Koulu\3 Vuosi\EmbeddedSW\Exercise4\Exercise4a3\Exercise4a3\ArduinoCore\Debug\libArduinoCore.a(wiring.o)
 .debug_info    0x000010ff      0x5fe C:\Users\hanna\Desktop\Koulu\3 Vuosi\EmbeddedSW\Exercise4\Exercise4a3\Exercise4a3\ArduinoCore\Debug\libArduinoCore.a(wiring_digital.o)
 .debug_info    0x000016fd       0x3e C:\Users\hanna\Desktop\Koulu\3 Vuosi\EmbeddedSW\Exercise4\Exercise4a3\Exercise4a3\ArduinoCore\Debug\libArduinoCore.a(hooks.o)

.debug_abbrev   0x00000000      0xbba
 *(.debug_abbrev)
 .debug_abbrev  0x00000000      0x5a2 D:/Program Files (x86)/Atmel/7.0/Packs/atmel/ATmega_DFP/1.2.209/gcc/dev/atmega328p/avr5/crtatmega328p.o
 .debug_abbrev  0x000005a2      0x124 Sketch.o
 .debug_abbrev  0x000006c6      0x12d C:\Users\hanna\Desktop\Koulu\3 Vuosi\EmbeddedSW\Exercise4\Exercise4a3\Exercise4a3\ArduinoCore\Debug\libArduinoCore.a(main.o)
 .debug_abbrev  0x000007f3       0xfc C:\Users\hanna\Desktop\Koulu\3 Vuosi\EmbeddedSW\Exercise4\Exercise4a3\Exercise4a3\ArduinoCore\Debug\libArduinoCore.a(WInterrupts.o)
 .debug_abbrev  0x000008ef      0x146 C:\Users\hanna\Desktop\Koulu\3 Vuosi\EmbeddedSW\Exercise4\Exercise4a3\Exercise4a3\ArduinoCore\Debug\libArduinoCore.a(wiring.o)
 .debug_abbrev  0x00000a35      0x15b C:\Users\hanna\Desktop\Koulu\3 Vuosi\EmbeddedSW\Exercise4\Exercise4a3\Exercise4a3\ArduinoCore\Debug\libArduinoCore.a(wiring_digital.o)
 .debug_abbrev  0x00000b90       0x2a C:\Users\hanna\Desktop\Koulu\3 Vuosi\EmbeddedSW\Exercise4\Exercise4a3\Exercise4a3\ArduinoCore\Debug\libArduinoCore.a(hooks.o)

.debug_line     0x00000000      0xca0
 *(.debug_line .debug_line.* .debug_line_end)
 .debug_line    0x00000000      0x133 D:/Program Files (x86)/Atmel/7.0/Packs/atmel/ATmega_DFP/1.2.209/gcc/dev/atmega328p/avr5/crtatmega328p.o
 .debug_line    0x00000133      0x1d0 Sketch.o
 .debug_line    0x00000303      0x1ce C:\Users\hanna\Desktop\Koulu\3 Vuosi\EmbeddedSW\Exercise4\Exercise4a3\Exercise4a3\ArduinoCore\Debug\libArduinoCore.a(main.o)
 .debug_line    0x000004d1      0x209 C:\Users\hanna\Desktop\Koulu\3 Vuosi\EmbeddedSW\Exercise4\Exercise4a3\Exercise4a3\ArduinoCore\Debug\libArduinoCore.a(WInterrupts.o)
 .debug_line    0x000006da      0x302 C:\Users\hanna\Desktop\Koulu\3 Vuosi\EmbeddedSW\Exercise4\Exercise4a3\Exercise4a3\ArduinoCore\Debug\libArduinoCore.a(wiring.o)
 .debug_line    0x000009dc      0x283 C:\Users\hanna\Desktop\Koulu\3 Vuosi\EmbeddedSW\Exercise4\Exercise4a3\Exercise4a3\ArduinoCore\Debug\libArduinoCore.a(wiring_digital.o)
 .debug_line    0x00000c5f       0x41 C:\Users\hanna\Desktop\Koulu\3 Vuosi\EmbeddedSW\Exercise4\Exercise4a3\Exercise4a3\ArduinoCore\Debug\libArduinoCore.a(hooks.o)

.debug_frame    0x00000000      0x308
 *(.debug_frame)
 .debug_frame   0x00000000       0x5c Sketch.o
 .debug_frame   0x0000005c       0x54 C:\Users\hanna\Desktop\Koulu\3 Vuosi\EmbeddedSW\Exercise4\Exercise4a3\Exercise4a3\ArduinoCore\Debug\libArduinoCore.a(main.o)
 .debug_frame   0x000000b0       0xf4 C:\Users\hanna\Desktop\Koulu\3 Vuosi\EmbeddedSW\Exercise4\Exercise4a3\Exercise4a3\ArduinoCore\Debug\libArduinoCore.a(WInterrupts.o)
 .debug_frame   0x000001a4       0xc4 C:\Users\hanna\Desktop\Koulu\3 Vuosi\EmbeddedSW\Exercise4\Exercise4a3\Exercise4a3\ArduinoCore\Debug\libArduinoCore.a(wiring.o)
 .debug_frame   0x00000268       0x7c C:\Users\hanna\Desktop\Koulu\3 Vuosi\EmbeddedSW\Exercise4\Exercise4a3\Exercise4a3\ArduinoCore\Debug\libArduinoCore.a(wiring_digital.o)
 .debug_frame   0x000002e4       0x24 C:\Users\hanna\Desktop\Koulu\3 Vuosi\EmbeddedSW\Exercise4\Exercise4a3\Exercise4a3\ArduinoCore\Debug\libArduinoCore.a(hooks.o)

.debug_str      0x00000000      0x856
 *(.debug_str)
 .debug_str     0x00000000      0x208 D:/Program Files (x86)/Atmel/7.0/Packs/atmel/ATmega_DFP/1.2.209/gcc/dev/atmega328p/avr5/crtatmega328p.o
 .debug_str     0x00000208      0x2b6 Sketch.o
                                0x2f6 (size before relaxing)
 .debug_str     0x000004be       0xc3 C:\Users\hanna\Desktop\Koulu\3 Vuosi\EmbeddedSW\Exercise4\Exercise4a3\Exercise4a3\ArduinoCore\Debug\libArduinoCore.a(main.o)
                                0x2c3 (size before relaxing)
 .debug_str     0x00000581      0x154 C:\Users\hanna\Desktop\Koulu\3 Vuosi\EmbeddedSW\Exercise4\Exercise4a3\Exercise4a3\ArduinoCore\Debug\libArduinoCore.a(WInterrupts.o)
                                0x246 (size before relaxing)
 .debug_str     0x000006d5       0x91 C:\Users\hanna\Desktop\Koulu\3 Vuosi\EmbeddedSW\Exercise4\Exercise4a3\Exercise4a3\ArduinoCore\Debug\libArduinoCore.a(wiring.o)
                                0x259 (size before relaxing)
 .debug_str     0x00000766       0xd4 C:\Users\hanna\Desktop\Koulu\3 Vuosi\EmbeddedSW\Exercise4\Exercise4a3\Exercise4a3\ArduinoCore\Debug\libArduinoCore.a(wiring_digital.o)
                                0x2be (size before relaxing)
 .debug_str     0x0000083a       0x1c C:\Users\hanna\Desktop\Koulu\3 Vuosi\EmbeddedSW\Exercise4\Exercise4a3\Exercise4a3\ArduinoCore\Debug\libArduinoCore.a(hooks.o)
                                0x14e (size before relaxing)

.debug_loc      0x00000000      0xae0
 *(.debug_loc)
 .debug_loc     0x00000000       0x22 Sketch.o
 .debug_loc     0x00000022      0x235 C:\Users\hanna\Desktop\Koulu\3 Vuosi\EmbeddedSW\Exercise4\Exercise4a3\Exercise4a3\ArduinoCore\Debug\libArduinoCore.a(WInterrupts.o)
 .debug_loc     0x00000257      0x28d C:\Users\hanna\Desktop\Koulu\3 Vuosi\EmbeddedSW\Exercise4\Exercise4a3\Exercise4a3\ArduinoCore\Debug\libArduinoCore.a(wiring.o)
 .debug_loc     0x000004e4      0x5fc C:\Users\hanna\Desktop\Koulu\3 Vuosi\EmbeddedSW\Exercise4\Exercise4a3\Exercise4a3\ArduinoCore\Debug\libArduinoCore.a(wiring_digital.o)

.debug_macinfo
 *(.debug_macinfo)

.debug_weaknames
 *(.debug_weaknames)

.debug_funcnames
 *(.debug_funcnames)

.debug_typenames
 *(.debug_typenames)

.debug_varnames
 *(.debug_varnames)

.debug_pubtypes
 *(.debug_pubtypes)

.debug_ranges   0x00000000       0xe8
 *(.debug_ranges)
 .debug_ranges  0x00000000       0x28 Sketch.o
 .debug_ranges  0x00000028       0x20 C:\Users\hanna\Desktop\Koulu\3 Vuosi\EmbeddedSW\Exercise4\Exercise4a3\Exercise4a3\ArduinoCore\Debug\libArduinoCore.a(main.o)
 .debug_ranges  0x00000048       0x30 C:\Users\hanna\Desktop\Koulu\3 Vuosi\EmbeddedSW\Exercise4\Exercise4a3\Exercise4a3\ArduinoCore\Debug\libArduinoCore.a(WInterrupts.o)
 .debug_ranges  0x00000078       0x38 C:\Users\hanna\Desktop\Koulu\3 Vuosi\EmbeddedSW\Exercise4\Exercise4a3\Exercise4a3\ArduinoCore\Debug\libArduinoCore.a(wiring.o)
 .debug_ranges  0x000000b0       0x28 C:\Users\hanna\Desktop\Koulu\3 Vuosi\EmbeddedSW\Exercise4\Exercise4a3\Exercise4a3\ArduinoCore\Debug\libArduinoCore.a(wiring_digital.o)
 .debug_ranges  0x000000d8       0x10 C:\Users\hanna\Desktop\Koulu\3 Vuosi\EmbeddedSW\Exercise4\Exercise4a3\Exercise4a3\ArduinoCore\Debug\libArduinoCore.a(hooks.o)

.debug_macro
 *(.debug_macro)
OUTPUT(Exercise4.elf elf32-avr)
LOAD linker stubs
