Archive member included to satisfy reference by file (symbol)

d:/program files (x86)/atmel/7.0/toolchain/avr8/avr8-gnu-toolchain/bin/../lib/gcc/avr/5.4.0/../../../../avr/lib/avr5\libm.a(addsf3.o)
                              Thermistor.o (__subsf3)
d:/program files (x86)/atmel/7.0/toolchain/avr8/avr8-gnu-toolchain/bin/../lib/gcc/avr/5.4.0/../../../../avr/lib/avr5\libm.a(addsf3x.o)
                              d:/program files (x86)/atmel/7.0/toolchain/avr8/avr8-gnu-toolchain/bin/../lib/gcc/avr/5.4.0/../../../../avr/lib/avr5\libm.a(addsf3.o) (__addsf3x)
d:/program files (x86)/atmel/7.0/toolchain/avr8/avr8-gnu-toolchain/bin/../lib/gcc/avr/5.4.0/../../../../avr/lib/avr5\libm.a(cmpsf2.o)
                              Thermistor.o (__eqsf2)
d:/program files (x86)/atmel/7.0/toolchain/avr8/avr8-gnu-toolchain/bin/../lib/gcc/avr/5.4.0/../../../../avr/lib/avr5\libm.a(divsf3.o)
                              Thermistor.o (__divsf3)
d:/program files (x86)/atmel/7.0/toolchain/avr8/avr8-gnu-toolchain/bin/../lib/gcc/avr/5.4.0/../../../../avr/lib/avr5\libm.a(divsf3x.o)
                              d:/program files (x86)/atmel/7.0/toolchain/avr8/avr8-gnu-toolchain/bin/../lib/gcc/avr/5.4.0/../../../../avr/lib/avr5\libm.a(divsf3.o) (__divsf3x)
d:/program files (x86)/atmel/7.0/toolchain/avr8/avr8-gnu-toolchain/bin/../lib/gcc/avr/5.4.0/../../../../avr/lib/avr5\libm.a(fixsfsi.o)
                              Thermistor.o (__fixsfsi)
d:/program files (x86)/atmel/7.0/toolchain/avr8/avr8-gnu-toolchain/bin/../lib/gcc/avr/5.4.0/../../../../avr/lib/avr5\libm.a(fixunssfsi.o)
                              d:/program files (x86)/atmel/7.0/toolchain/avr8/avr8-gnu-toolchain/bin/../lib/gcc/avr/5.4.0/../../../../avr/lib/avr5\libm.a(fixsfsi.o) (__fixunssfsi)
d:/program files (x86)/atmel/7.0/toolchain/avr8/avr8-gnu-toolchain/bin/../lib/gcc/avr/5.4.0/../../../../avr/lib/avr5\libm.a(floatsisf.o)
                              Thermistor.o (__floatsisf)
d:/program files (x86)/atmel/7.0/toolchain/avr8/avr8-gnu-toolchain/bin/../lib/gcc/avr/5.4.0/../../../../avr/lib/avr5\libm.a(fp_cmp.o)
                              d:/program files (x86)/atmel/7.0/toolchain/avr8/avr8-gnu-toolchain/bin/../lib/gcc/avr/5.4.0/../../../../avr/lib/avr5\libm.a(cmpsf2.o) (__fp_cmp)
d:/program files (x86)/atmel/7.0/toolchain/avr8/avr8-gnu-toolchain/bin/../lib/gcc/avr/5.4.0/../../../../avr/lib/avr5\libm.a(fp_inf.o)
                              d:/program files (x86)/atmel/7.0/toolchain/avr8/avr8-gnu-toolchain/bin/../lib/gcc/avr/5.4.0/../../../../avr/lib/avr5\libm.a(addsf3x.o) (__fp_inf)
d:/program files (x86)/atmel/7.0/toolchain/avr8/avr8-gnu-toolchain/bin/../lib/gcc/avr/5.4.0/../../../../avr/lib/avr5\libm.a(fp_nan.o)
                              d:/program files (x86)/atmel/7.0/toolchain/avr8/avr8-gnu-toolchain/bin/../lib/gcc/avr/5.4.0/../../../../avr/lib/avr5\libm.a(addsf3x.o) (__fp_nan)
d:/program files (x86)/atmel/7.0/toolchain/avr8/avr8-gnu-toolchain/bin/../lib/gcc/avr/5.4.0/../../../../avr/lib/avr5\libm.a(fp_pscA.o)
                              d:/program files (x86)/atmel/7.0/toolchain/avr8/avr8-gnu-toolchain/bin/../lib/gcc/avr/5.4.0/../../../../avr/lib/avr5\libm.a(addsf3x.o) (__fp_pscA)
d:/program files (x86)/atmel/7.0/toolchain/avr8/avr8-gnu-toolchain/bin/../lib/gcc/avr/5.4.0/../../../../avr/lib/avr5\libm.a(fp_pscB.o)
                              d:/program files (x86)/atmel/7.0/toolchain/avr8/avr8-gnu-toolchain/bin/../lib/gcc/avr/5.4.0/../../../../avr/lib/avr5\libm.a(addsf3x.o) (__fp_pscB)
d:/program files (x86)/atmel/7.0/toolchain/avr8/avr8-gnu-toolchain/bin/../lib/gcc/avr/5.4.0/../../../../avr/lib/avr5\libm.a(fp_round.o)
                              d:/program files (x86)/atmel/7.0/toolchain/avr8/avr8-gnu-toolchain/bin/../lib/gcc/avr/5.4.0/../../../../avr/lib/avr5\libm.a(addsf3.o) (__fp_round)
d:/program files (x86)/atmel/7.0/toolchain/avr8/avr8-gnu-toolchain/bin/../lib/gcc/avr/5.4.0/../../../../avr/lib/avr5\libm.a(fp_split3.o)
                              d:/program files (x86)/atmel/7.0/toolchain/avr8/avr8-gnu-toolchain/bin/../lib/gcc/avr/5.4.0/../../../../avr/lib/avr5\libm.a(addsf3x.o) (__fp_split3)
d:/program files (x86)/atmel/7.0/toolchain/avr8/avr8-gnu-toolchain/bin/../lib/gcc/avr/5.4.0/../../../../avr/lib/avr5\libm.a(fp_zero.o)
                              d:/program files (x86)/atmel/7.0/toolchain/avr8/avr8-gnu-toolchain/bin/../lib/gcc/avr/5.4.0/../../../../avr/lib/avr5\libm.a(addsf3x.o) (__fp_zero)
d:/program files (x86)/atmel/7.0/toolchain/avr8/avr8-gnu-toolchain/bin/../lib/gcc/avr/5.4.0/../../../../avr/lib/avr5\libm.a(gesf2.o)
                              Thermistor.o (__gesf2)
C:\Users\hanna\Desktop\Koulu\3 Vuosi\EmbeddedSW\Exercise5\Exercise5a2\Exercise5a2\ArduinoCore\Debug\libArduinoCore.a(main.o)
                              D:/Program Files (x86)/Atmel/7.0/Packs/atmel/ATmega_DFP/1.2.209/gcc/dev/atmega328p/avr5/crtatmega328p.o (main)
C:\Users\hanna\Desktop\Koulu\3 Vuosi\EmbeddedSW\Exercise5\Exercise5a2\Exercise5a2\ArduinoCore\Debug\libArduinoCore.a(wiring.o)
                              Led.o (delay)
C:\Users\hanna\Desktop\Koulu\3 Vuosi\EmbeddedSW\Exercise5\Exercise5a2\Exercise5a2\ArduinoCore\Debug\libArduinoCore.a(wiring_analog.o)
                              Thermistor.o (analogRead)
C:\Users\hanna\Desktop\Koulu\3 Vuosi\EmbeddedSW\Exercise5\Exercise5a2\Exercise5a2\ArduinoCore\Debug\libArduinoCore.a(wiring_digital.o)
                              Sketch.o (pinMode)
C:\Users\hanna\Desktop\Koulu\3 Vuosi\EmbeddedSW\Exercise5\Exercise5a2\Exercise5a2\ArduinoCore\Debug\libArduinoCore.a(hooks.o)
                              C:\Users\hanna\Desktop\Koulu\3 Vuosi\EmbeddedSW\Exercise5\Exercise5a2\Exercise5a2\ArduinoCore\Debug\libArduinoCore.a(wiring.o) (yield)
d:/program files (x86)/atmel/7.0/toolchain/avr8/avr8-gnu-toolchain/bin/../lib/gcc/avr/5.4.0/avr5\libgcc.a(_exit.o)
                              D:/Program Files (x86)/Atmel/7.0/Packs/atmel/ATmega_DFP/1.2.209/gcc/dev/atmega328p/avr5/crtatmega328p.o (exit)
d:/program files (x86)/atmel/7.0/toolchain/avr8/avr8-gnu-toolchain/bin/../lib/gcc/avr/5.4.0/avr5\libgcc.a(_copy_data.o)
                              Led.o (__do_copy_data)
d:/program files (x86)/atmel/7.0/toolchain/avr8/avr8-gnu-toolchain/bin/../lib/gcc/avr/5.4.0/avr5\libgcc.a(_clear_bss.o)
                              Led.o (__do_clear_bss)

Discarded input sections

 .data          0x00000000        0x0 D:/Program Files (x86)/Atmel/7.0/Packs/atmel/ATmega_DFP/1.2.209/gcc/dev/atmega328p/avr5/crtatmega328p.o
 .bss           0x00000000        0x0 D:/Program Files (x86)/Atmel/7.0/Packs/atmel/ATmega_DFP/1.2.209/gcc/dev/atmega328p/avr5/crtatmega328p.o
 .text          0x00000000        0x0 Led.o
 .data          0x00000000        0x0 Led.o
 .bss           0x00000000        0x0 Led.o
 .rodata._ZL2SS
                0x00000000        0x1 Led.o
 .rodata._ZL4MOSI
                0x00000000        0x1 Led.o
 .rodata._ZL4MISO
                0x00000000        0x1 Led.o
 .rodata._ZL3SCK
                0x00000000        0x1 Led.o
 .rodata._ZL3SDA
                0x00000000        0x1 Led.o
 .rodata._ZL3SCL
                0x00000000        0x1 Led.o
 .rodata._ZL2A0
                0x00000000        0x1 Led.o
 .rodata._ZL2A1
                0x00000000        0x1 Led.o
 .rodata._ZL2A2
                0x00000000        0x1 Led.o
 .rodata._ZL2A3
                0x00000000        0x1 Led.o
 .rodata._ZL2A4
                0x00000000        0x1 Led.o
 .rodata._ZL2A5
                0x00000000        0x1 Led.o
 .rodata._ZL2A6
                0x00000000        0x1 Led.o
 .rodata._ZL2A7
                0x00000000        0x1 Led.o
 .text          0x00000000        0x0 Math.o
 .data          0x00000000        0x0 Math.o
 .bss           0x00000000        0x0 Math.o
 .rodata._ZL2SS
                0x00000000        0x1 Math.o
 .rodata._ZL4MOSI
                0x00000000        0x1 Math.o
 .rodata._ZL4MISO
                0x00000000        0x1 Math.o
 .rodata._ZL3SCK
                0x00000000        0x1 Math.o
 .rodata._ZL3SDA
                0x00000000        0x1 Math.o
 .rodata._ZL3SCL
                0x00000000        0x1 Math.o
 .rodata._ZL2A0
                0x00000000        0x1 Math.o
 .rodata._ZL2A1
                0x00000000        0x1 Math.o
 .rodata._ZL2A2
                0x00000000        0x1 Math.o
 .rodata._ZL2A3
                0x00000000        0x1 Math.o
 .rodata._ZL2A4
                0x00000000        0x1 Math.o
 .rodata._ZL2A5
                0x00000000        0x1 Math.o
 .rodata._ZL2A6
                0x00000000        0x1 Math.o
 .rodata._ZL2A7
                0x00000000        0x1 Math.o
 .text          0x00000000        0x0 Sketch.o
 .data          0x00000000        0x0 Sketch.o
 .bss           0x00000000        0x0 Sketch.o
 .rodata._ZL2SS
                0x00000000        0x1 Sketch.o
 .rodata._ZL4MOSI
                0x00000000        0x1 Sketch.o
 .rodata._ZL4MISO
                0x00000000        0x1 Sketch.o
 .rodata._ZL3SCK
                0x00000000        0x1 Sketch.o
 .rodata._ZL3SDA
                0x00000000        0x1 Sketch.o
 .rodata._ZL3SCL
                0x00000000        0x1 Sketch.o
 .rodata._ZL2A0
                0x00000000        0x1 Sketch.o
 .rodata._ZL2A1
                0x00000000        0x1 Sketch.o
 .rodata._ZL2A2
                0x00000000        0x1 Sketch.o
 .rodata._ZL2A3
                0x00000000        0x1 Sketch.o
 .rodata._ZL2A4
                0x00000000        0x1 Sketch.o
 .rodata._ZL2A5
                0x00000000        0x1 Sketch.o
 .rodata._ZL2A6
                0x00000000        0x1 Sketch.o
 .rodata._ZL2A7
                0x00000000        0x1 Sketch.o
 .rodata._ZL8adcTable
                0x00000000       0x3e Sketch.o
 .rodata._ZL6cTable
                0x00000000       0x80 Sketch.o
 .text          0x00000000        0x0 Thermistor.o
 .data          0x00000000        0x0 Thermistor.o
 .bss           0x00000000        0x0 Thermistor.o
 .rodata._ZL2SS
                0x00000000        0x1 Thermistor.o
 .rodata._ZL4MOSI
                0x00000000        0x1 Thermistor.o
 .rodata._ZL4MISO
                0x00000000        0x1 Thermistor.o
 .rodata._ZL3SCK
                0x00000000        0x1 Thermistor.o
 .rodata._ZL3SDA
                0x00000000        0x1 Thermistor.o
 .rodata._ZL3SCL
                0x00000000        0x1 Thermistor.o
 .rodata._ZL2A0
                0x00000000        0x1 Thermistor.o
 .rodata._ZL2A1
                0x00000000        0x1 Thermistor.o
 .rodata._ZL2A2
                0x00000000        0x1 Thermistor.o
 .rodata._ZL2A3
                0x00000000        0x1 Thermistor.o
 .rodata._ZL2A4
                0x00000000        0x1 Thermistor.o
 .rodata._ZL2A5
                0x00000000        0x1 Thermistor.o
 .rodata._ZL2A6
                0x00000000        0x1 Thermistor.o
 .rodata._ZL2A7
                0x00000000        0x1 Thermistor.o
 .text          0x00000000        0x0 d:/program files (x86)/atmel/7.0/toolchain/avr8/avr8-gnu-toolchain/bin/../lib/gcc/avr/5.4.0/../../../../avr/lib/avr5\libm.a(addsf3.o)
 .data          0x00000000        0x0 d:/program files (x86)/atmel/7.0/toolchain/avr8/avr8-gnu-toolchain/bin/../lib/gcc/avr/5.4.0/../../../../avr/lib/avr5\libm.a(addsf3.o)
 .bss           0x00000000        0x0 d:/program files (x86)/atmel/7.0/toolchain/avr8/avr8-gnu-toolchain/bin/../lib/gcc/avr/5.4.0/../../../../avr/lib/avr5\libm.a(addsf3.o)
 .text          0x00000000        0x0 d:/program files (x86)/atmel/7.0/toolchain/avr8/avr8-gnu-toolchain/bin/../lib/gcc/avr/5.4.0/../../../../avr/lib/avr5\libm.a(addsf3x.o)
 .data          0x00000000        0x0 d:/program files (x86)/atmel/7.0/toolchain/avr8/avr8-gnu-toolchain/bin/../lib/gcc/avr/5.4.0/../../../../avr/lib/avr5\libm.a(addsf3x.o)
 .bss           0x00000000        0x0 d:/program files (x86)/atmel/7.0/toolchain/avr8/avr8-gnu-toolchain/bin/../lib/gcc/avr/5.4.0/../../../../avr/lib/avr5\libm.a(addsf3x.o)
 .text          0x00000000        0x0 d:/program files (x86)/atmel/7.0/toolchain/avr8/avr8-gnu-toolchain/bin/../lib/gcc/avr/5.4.0/../../../../avr/lib/avr5\libm.a(cmpsf2.o)
 .data          0x00000000        0x0 d:/program files (x86)/atmel/7.0/toolchain/avr8/avr8-gnu-toolchain/bin/../lib/gcc/avr/5.4.0/../../../../avr/lib/avr5\libm.a(cmpsf2.o)
 .bss           0x00000000        0x0 d:/program files (x86)/atmel/7.0/toolchain/avr8/avr8-gnu-toolchain/bin/../lib/gcc/avr/5.4.0/../../../../avr/lib/avr5\libm.a(cmpsf2.o)
 .text          0x00000000        0x0 d:/program files (x86)/atmel/7.0/toolchain/avr8/avr8-gnu-toolchain/bin/../lib/gcc/avr/5.4.0/../../../../avr/lib/avr5\libm.a(divsf3.o)
 .data          0x00000000        0x0 d:/program files (x86)/atmel/7.0/toolchain/avr8/avr8-gnu-toolchain/bin/../lib/gcc/avr/5.4.0/../../../../avr/lib/avr5\libm.a(divsf3.o)
 .bss           0x00000000        0x0 d:/program files (x86)/atmel/7.0/toolchain/avr8/avr8-gnu-toolchain/bin/../lib/gcc/avr/5.4.0/../../../../avr/lib/avr5\libm.a(divsf3.o)
 .text          0x00000000        0x0 d:/program files (x86)/atmel/7.0/toolchain/avr8/avr8-gnu-toolchain/bin/../lib/gcc/avr/5.4.0/../../../../avr/lib/avr5\libm.a(divsf3x.o)
 .data          0x00000000        0x0 d:/program files (x86)/atmel/7.0/toolchain/avr8/avr8-gnu-toolchain/bin/../lib/gcc/avr/5.4.0/../../../../avr/lib/avr5\libm.a(divsf3x.o)
 .bss           0x00000000        0x0 d:/program files (x86)/atmel/7.0/toolchain/avr8/avr8-gnu-toolchain/bin/../lib/gcc/avr/5.4.0/../../../../avr/lib/avr5\libm.a(divsf3x.o)
 .text          0x00000000        0x0 d:/program files (x86)/atmel/7.0/toolchain/avr8/avr8-gnu-toolchain/bin/../lib/gcc/avr/5.4.0/../../../../avr/lib/avr5\libm.a(fixsfsi.o)
 .data          0x00000000        0x0 d:/program files (x86)/atmel/7.0/toolchain/avr8/avr8-gnu-toolchain/bin/../lib/gcc/avr/5.4.0/../../../../avr/lib/avr5\libm.a(fixsfsi.o)
 .bss           0x00000000        0x0 d:/program files (x86)/atmel/7.0/toolchain/avr8/avr8-gnu-toolchain/bin/../lib/gcc/avr/5.4.0/../../../../avr/lib/avr5\libm.a(fixsfsi.o)
 .text          0x00000000        0x0 d:/program files (x86)/atmel/7.0/toolchain/avr8/avr8-gnu-toolchain/bin/../lib/gcc/avr/5.4.0/../../../../avr/lib/avr5\libm.a(fixunssfsi.o)
 .data          0x00000000        0x0 d:/program files (x86)/atmel/7.0/toolchain/avr8/avr8-gnu-toolchain/bin/../lib/gcc/avr/5.4.0/../../../../avr/lib/avr5\libm.a(fixunssfsi.o)
 .bss           0x00000000        0x0 d:/program files (x86)/atmel/7.0/toolchain/avr8/avr8-gnu-toolchain/bin/../lib/gcc/avr/5.4.0/../../../../avr/lib/avr5\libm.a(fixunssfsi.o)
 .text          0x00000000        0x0 d:/program files (x86)/atmel/7.0/toolchain/avr8/avr8-gnu-toolchain/bin/../lib/gcc/avr/5.4.0/../../../../avr/lib/avr5\libm.a(floatsisf.o)
 .data          0x00000000        0x0 d:/program files (x86)/atmel/7.0/toolchain/avr8/avr8-gnu-toolchain/bin/../lib/gcc/avr/5.4.0/../../../../avr/lib/avr5\libm.a(floatsisf.o)
 .bss           0x00000000        0x0 d:/program files (x86)/atmel/7.0/toolchain/avr8/avr8-gnu-toolchain/bin/../lib/gcc/avr/5.4.0/../../../../avr/lib/avr5\libm.a(floatsisf.o)
 .text          0x00000000        0x0 d:/program files (x86)/atmel/7.0/toolchain/avr8/avr8-gnu-toolchain/bin/../lib/gcc/avr/5.4.0/../../../../avr/lib/avr5\libm.a(fp_cmp.o)
 .data          0x00000000        0x0 d:/program files (x86)/atmel/7.0/toolchain/avr8/avr8-gnu-toolchain/bin/../lib/gcc/avr/5.4.0/../../../../avr/lib/avr5\libm.a(fp_cmp.o)
 .bss           0x00000000        0x0 d:/program files (x86)/atmel/7.0/toolchain/avr8/avr8-gnu-toolchain/bin/../lib/gcc/avr/5.4.0/../../../../avr/lib/avr5\libm.a(fp_cmp.o)
 .text          0x00000000        0x0 d:/program files (x86)/atmel/7.0/toolchain/avr8/avr8-gnu-toolchain/bin/../lib/gcc/avr/5.4.0/../../../../avr/lib/avr5\libm.a(fp_inf.o)
 .data          0x00000000        0x0 d:/program files (x86)/atmel/7.0/toolchain/avr8/avr8-gnu-toolchain/bin/../lib/gcc/avr/5.4.0/../../../../avr/lib/avr5\libm.a(fp_inf.o)
 .bss           0x00000000        0x0 d:/program files (x86)/atmel/7.0/toolchain/avr8/avr8-gnu-toolchain/bin/../lib/gcc/avr/5.4.0/../../../../avr/lib/avr5\libm.a(fp_inf.o)
 .text          0x00000000        0x0 d:/program files (x86)/atmel/7.0/toolchain/avr8/avr8-gnu-toolchain/bin/../lib/gcc/avr/5.4.0/../../../../avr/lib/avr5\libm.a(fp_nan.o)
 .data          0x00000000        0x0 d:/program files (x86)/atmel/7.0/toolchain/avr8/avr8-gnu-toolchain/bin/../lib/gcc/avr/5.4.0/../../../../avr/lib/avr5\libm.a(fp_nan.o)
 .bss           0x00000000        0x0 d:/program files (x86)/atmel/7.0/toolchain/avr8/avr8-gnu-toolchain/bin/../lib/gcc/avr/5.4.0/../../../../avr/lib/avr5\libm.a(fp_nan.o)
 .text          0x00000000        0x0 d:/program files (x86)/atmel/7.0/toolchain/avr8/avr8-gnu-toolchain/bin/../lib/gcc/avr/5.4.0/../../../../avr/lib/avr5\libm.a(fp_pscA.o)
 .data          0x00000000        0x0 d:/program files (x86)/atmel/7.0/toolchain/avr8/avr8-gnu-toolchain/bin/../lib/gcc/avr/5.4.0/../../../../avr/lib/avr5\libm.a(fp_pscA.o)
 .bss           0x00000000        0x0 d:/program files (x86)/atmel/7.0/toolchain/avr8/avr8-gnu-toolchain/bin/../lib/gcc/avr/5.4.0/../../../../avr/lib/avr5\libm.a(fp_pscA.o)
 .text          0x00000000        0x0 d:/program files (x86)/atmel/7.0/toolchain/avr8/avr8-gnu-toolchain/bin/../lib/gcc/avr/5.4.0/../../../../avr/lib/avr5\libm.a(fp_pscB.o)
 .data          0x00000000        0x0 d:/program files (x86)/atmel/7.0/toolchain/avr8/avr8-gnu-toolchain/bin/../lib/gcc/avr/5.4.0/../../../../avr/lib/avr5\libm.a(fp_pscB.o)
 .bss           0x00000000        0x0 d:/program files (x86)/atmel/7.0/toolchain/avr8/avr8-gnu-toolchain/bin/../lib/gcc/avr/5.4.0/../../../../avr/lib/avr5\libm.a(fp_pscB.o)
 .text          0x00000000        0x0 d:/program files (x86)/atmel/7.0/toolchain/avr8/avr8-gnu-toolchain/bin/../lib/gcc/avr/5.4.0/../../../../avr/lib/avr5\libm.a(fp_round.o)
 .data          0x00000000        0x0 d:/program files (x86)/atmel/7.0/toolchain/avr8/avr8-gnu-toolchain/bin/../lib/gcc/avr/5.4.0/../../../../avr/lib/avr5\libm.a(fp_round.o)
 .bss           0x00000000        0x0 d:/program files (x86)/atmel/7.0/toolchain/avr8/avr8-gnu-toolchain/bin/../lib/gcc/avr/5.4.0/../../../../avr/lib/avr5\libm.a(fp_round.o)
 .text          0x00000000        0x0 d:/program files (x86)/atmel/7.0/toolchain/avr8/avr8-gnu-toolchain/bin/../lib/gcc/avr/5.4.0/../../../../avr/lib/avr5\libm.a(fp_split3.o)
 .data          0x00000000        0x0 d:/program files (x86)/atmel/7.0/toolchain/avr8/avr8-gnu-toolchain/bin/../lib/gcc/avr/5.4.0/../../../../avr/lib/avr5\libm.a(fp_split3.o)
 .bss           0x00000000        0x0 d:/program files (x86)/atmel/7.0/toolchain/avr8/avr8-gnu-toolchain/bin/../lib/gcc/avr/5.4.0/../../../../avr/lib/avr5\libm.a(fp_split3.o)
 .text          0x00000000        0x0 d:/program files (x86)/atmel/7.0/toolchain/avr8/avr8-gnu-toolchain/bin/../lib/gcc/avr/5.4.0/../../../../avr/lib/avr5\libm.a(fp_zero.o)
 .data          0x00000000        0x0 d:/program files (x86)/atmel/7.0/toolchain/avr8/avr8-gnu-toolchain/bin/../lib/gcc/avr/5.4.0/../../../../avr/lib/avr5\libm.a(fp_zero.o)
 .bss           0x00000000        0x0 d:/program files (x86)/atmel/7.0/toolchain/avr8/avr8-gnu-toolchain/bin/../lib/gcc/avr/5.4.0/../../../../avr/lib/avr5\libm.a(fp_zero.o)
 .text          0x00000000        0x0 d:/program files (x86)/atmel/7.0/toolchain/avr8/avr8-gnu-toolchain/bin/../lib/gcc/avr/5.4.0/../../../../avr/lib/avr5\libm.a(gesf2.o)
 .data          0x00000000        0x0 d:/program files (x86)/atmel/7.0/toolchain/avr8/avr8-gnu-toolchain/bin/../lib/gcc/avr/5.4.0/../../../../avr/lib/avr5\libm.a(gesf2.o)
 .bss           0x00000000        0x0 d:/program files (x86)/atmel/7.0/toolchain/avr8/avr8-gnu-toolchain/bin/../lib/gcc/avr/5.4.0/../../../../avr/lib/avr5\libm.a(gesf2.o)
 .text          0x00000000        0x0 C:\Users\hanna\Desktop\Koulu\3 Vuosi\EmbeddedSW\Exercise5\Exercise5a2\Exercise5a2\ArduinoCore\Debug\libArduinoCore.a(main.o)
 .data          0x00000000        0x0 C:\Users\hanna\Desktop\Koulu\3 Vuosi\EmbeddedSW\Exercise5\Exercise5a2\Exercise5a2\ArduinoCore\Debug\libArduinoCore.a(main.o)
 .bss           0x00000000        0x0 C:\Users\hanna\Desktop\Koulu\3 Vuosi\EmbeddedSW\Exercise5\Exercise5a2\Exercise5a2\ArduinoCore\Debug\libArduinoCore.a(main.o)
 .text.atexit   0x00000000        0x6 C:\Users\hanna\Desktop\Koulu\3 Vuosi\EmbeddedSW\Exercise5\Exercise5a2\Exercise5a2\ArduinoCore\Debug\libArduinoCore.a(main.o)
 .text._Z8setupUSBv
                0x00000000        0x2 C:\Users\hanna\Desktop\Koulu\3 Vuosi\EmbeddedSW\Exercise5\Exercise5a2\Exercise5a2\ArduinoCore\Debug\libArduinoCore.a(main.o)
 .text          0x00000000        0x0 C:\Users\hanna\Desktop\Koulu\3 Vuosi\EmbeddedSW\Exercise5\Exercise5a2\Exercise5a2\ArduinoCore\Debug\libArduinoCore.a(wiring.o)
 .data          0x00000000        0x0 C:\Users\hanna\Desktop\Koulu\3 Vuosi\EmbeddedSW\Exercise5\Exercise5a2\Exercise5a2\ArduinoCore\Debug\libArduinoCore.a(wiring.o)
 .bss           0x00000000        0x0 C:\Users\hanna\Desktop\Koulu\3 Vuosi\EmbeddedSW\Exercise5\Exercise5a2\Exercise5a2\ArduinoCore\Debug\libArduinoCore.a(wiring.o)
 .text.millis   0x00000000       0x18 C:\Users\hanna\Desktop\Koulu\3 Vuosi\EmbeddedSW\Exercise5\Exercise5a2\Exercise5a2\ArduinoCore\Debug\libArduinoCore.a(wiring.o)
 .text.delayMicroseconds
                0x00000000       0x16 C:\Users\hanna\Desktop\Koulu\3 Vuosi\EmbeddedSW\Exercise5\Exercise5a2\Exercise5a2\ArduinoCore\Debug\libArduinoCore.a(wiring.o)
 .text          0x00000000        0x0 C:\Users\hanna\Desktop\Koulu\3 Vuosi\EmbeddedSW\Exercise5\Exercise5a2\Exercise5a2\ArduinoCore\Debug\libArduinoCore.a(wiring_analog.o)
 .data          0x00000000        0x0 C:\Users\hanna\Desktop\Koulu\3 Vuosi\EmbeddedSW\Exercise5\Exercise5a2\Exercise5a2\ArduinoCore\Debug\libArduinoCore.a(wiring_analog.o)
 .bss           0x00000000        0x0 C:\Users\hanna\Desktop\Koulu\3 Vuosi\EmbeddedSW\Exercise5\Exercise5a2\Exercise5a2\ArduinoCore\Debug\libArduinoCore.a(wiring_analog.o)
 .text.analogReference
                0x00000000        0x6 C:\Users\hanna\Desktop\Koulu\3 Vuosi\EmbeddedSW\Exercise5\Exercise5a2\Exercise5a2\ArduinoCore\Debug\libArduinoCore.a(wiring_analog.o)
 .text.analogWrite
                0x00000000       0xbe C:\Users\hanna\Desktop\Koulu\3 Vuosi\EmbeddedSW\Exercise5\Exercise5a2\Exercise5a2\ArduinoCore\Debug\libArduinoCore.a(wiring_analog.o)
 .text          0x00000000        0x0 C:\Users\hanna\Desktop\Koulu\3 Vuosi\EmbeddedSW\Exercise5\Exercise5a2\Exercise5a2\ArduinoCore\Debug\libArduinoCore.a(wiring_digital.o)
 .data          0x00000000        0x0 C:\Users\hanna\Desktop\Koulu\3 Vuosi\EmbeddedSW\Exercise5\Exercise5a2\Exercise5a2\ArduinoCore\Debug\libArduinoCore.a(wiring_digital.o)
 .bss           0x00000000        0x0 C:\Users\hanna\Desktop\Koulu\3 Vuosi\EmbeddedSW\Exercise5\Exercise5a2\Exercise5a2\ArduinoCore\Debug\libArduinoCore.a(wiring_digital.o)
 .text.digitalRead
                0x00000000       0x52 C:\Users\hanna\Desktop\Koulu\3 Vuosi\EmbeddedSW\Exercise5\Exercise5a2\Exercise5a2\ArduinoCore\Debug\libArduinoCore.a(wiring_digital.o)
 .progmem.data.port_to_input_PGM
                0x00000000        0xa C:\Users\hanna\Desktop\Koulu\3 Vuosi\EmbeddedSW\Exercise5\Exercise5a2\Exercise5a2\ArduinoCore\Debug\libArduinoCore.a(wiring_digital.o)
 .text          0x00000000        0x0 C:\Users\hanna\Desktop\Koulu\3 Vuosi\EmbeddedSW\Exercise5\Exercise5a2\Exercise5a2\ArduinoCore\Debug\libArduinoCore.a(hooks.o)
 .data          0x00000000        0x0 C:\Users\hanna\Desktop\Koulu\3 Vuosi\EmbeddedSW\Exercise5\Exercise5a2\Exercise5a2\ArduinoCore\Debug\libArduinoCore.a(hooks.o)
 .bss           0x00000000        0x0 C:\Users\hanna\Desktop\Koulu\3 Vuosi\EmbeddedSW\Exercise5\Exercise5a2\Exercise5a2\ArduinoCore\Debug\libArduinoCore.a(hooks.o)
 .text          0x00000000        0x0 d:/program files (x86)/atmel/7.0/toolchain/avr8/avr8-gnu-toolchain/bin/../lib/gcc/avr/5.4.0/avr5\libgcc.a(_exit.o)
 .data          0x00000000        0x0 d:/program files (x86)/atmel/7.0/toolchain/avr8/avr8-gnu-toolchain/bin/../lib/gcc/avr/5.4.0/avr5\libgcc.a(_exit.o)
 .bss           0x00000000        0x0 d:/program files (x86)/atmel/7.0/toolchain/avr8/avr8-gnu-toolchain/bin/../lib/gcc/avr/5.4.0/avr5\libgcc.a(_exit.o)
 .text.libgcc.mul
                0x00000000        0x0 d:/program files (x86)/atmel/7.0/toolchain/avr8/avr8-gnu-toolchain/bin/../lib/gcc/avr/5.4.0/avr5\libgcc.a(_exit.o)
 .text.libgcc.div
                0x00000000        0x0 d:/program files (x86)/atmel/7.0/toolchain/avr8/avr8-gnu-toolchain/bin/../lib/gcc/avr/5.4.0/avr5\libgcc.a(_exit.o)
 .text.libgcc   0x00000000        0x0 d:/program files (x86)/atmel/7.0/toolchain/avr8/avr8-gnu-toolchain/bin/../lib/gcc/avr/5.4.0/avr5\libgcc.a(_exit.o)
 .text.libgcc.prologue
                0x00000000        0x0 d:/program files (x86)/atmel/7.0/toolchain/avr8/avr8-gnu-toolchain/bin/../lib/gcc/avr/5.4.0/avr5\libgcc.a(_exit.o)
 .text.libgcc.builtins
                0x00000000        0x0 d:/program files (x86)/atmel/7.0/toolchain/avr8/avr8-gnu-toolchain/bin/../lib/gcc/avr/5.4.0/avr5\libgcc.a(_exit.o)
 .text.libgcc.fmul
                0x00000000        0x0 d:/program files (x86)/atmel/7.0/toolchain/avr8/avr8-gnu-toolchain/bin/../lib/gcc/avr/5.4.0/avr5\libgcc.a(_exit.o)
 .text.libgcc.fixed
                0x00000000        0x0 d:/program files (x86)/atmel/7.0/toolchain/avr8/avr8-gnu-toolchain/bin/../lib/gcc/avr/5.4.0/avr5\libgcc.a(_exit.o)
 .text          0x00000000        0x0 d:/program files (x86)/atmel/7.0/toolchain/avr8/avr8-gnu-toolchain/bin/../lib/gcc/avr/5.4.0/avr5\libgcc.a(_copy_data.o)
 .data          0x00000000        0x0 d:/program files (x86)/atmel/7.0/toolchain/avr8/avr8-gnu-toolchain/bin/../lib/gcc/avr/5.4.0/avr5\libgcc.a(_copy_data.o)
 .bss           0x00000000        0x0 d:/program files (x86)/atmel/7.0/toolchain/avr8/avr8-gnu-toolchain/bin/../lib/gcc/avr/5.4.0/avr5\libgcc.a(_copy_data.o)
 .text.libgcc.mul
                0x00000000        0x0 d:/program files (x86)/atmel/7.0/toolchain/avr8/avr8-gnu-toolchain/bin/../lib/gcc/avr/5.4.0/avr5\libgcc.a(_copy_data.o)
 .text.libgcc.div
                0x00000000        0x0 d:/program files (x86)/atmel/7.0/toolchain/avr8/avr8-gnu-toolchain/bin/../lib/gcc/avr/5.4.0/avr5\libgcc.a(_copy_data.o)
 .text.libgcc   0x00000000        0x0 d:/program files (x86)/atmel/7.0/toolchain/avr8/avr8-gnu-toolchain/bin/../lib/gcc/avr/5.4.0/avr5\libgcc.a(_copy_data.o)
 .text.libgcc.prologue
                0x00000000        0x0 d:/program files (x86)/atmel/7.0/toolchain/avr8/avr8-gnu-toolchain/bin/../lib/gcc/avr/5.4.0/avr5\libgcc.a(_copy_data.o)
 .text.libgcc.builtins
                0x00000000        0x0 d:/program files (x86)/atmel/7.0/toolchain/avr8/avr8-gnu-toolchain/bin/../lib/gcc/avr/5.4.0/avr5\libgcc.a(_copy_data.o)
 .text.libgcc.fmul
                0x00000000        0x0 d:/program files (x86)/atmel/7.0/toolchain/avr8/avr8-gnu-toolchain/bin/../lib/gcc/avr/5.4.0/avr5\libgcc.a(_copy_data.o)
 .text.libgcc.fixed
                0x00000000        0x0 d:/program files (x86)/atmel/7.0/toolchain/avr8/avr8-gnu-toolchain/bin/../lib/gcc/avr/5.4.0/avr5\libgcc.a(_copy_data.o)
 .text          0x00000000        0x0 d:/program files (x86)/atmel/7.0/toolchain/avr8/avr8-gnu-toolchain/bin/../lib/gcc/avr/5.4.0/avr5\libgcc.a(_clear_bss.o)
 .data          0x00000000        0x0 d:/program files (x86)/atmel/7.0/toolchain/avr8/avr8-gnu-toolchain/bin/../lib/gcc/avr/5.4.0/avr5\libgcc.a(_clear_bss.o)
 .bss           0x00000000        0x0 d:/program files (x86)/atmel/7.0/toolchain/avr8/avr8-gnu-toolchain/bin/../lib/gcc/avr/5.4.0/avr5\libgcc.a(_clear_bss.o)
 .text.libgcc.mul
                0x00000000        0x0 d:/program files (x86)/atmel/7.0/toolchain/avr8/avr8-gnu-toolchain/bin/../lib/gcc/avr/5.4.0/avr5\libgcc.a(_clear_bss.o)
 .text.libgcc.div
                0x00000000        0x0 d:/program files (x86)/atmel/7.0/toolchain/avr8/avr8-gnu-toolchain/bin/../lib/gcc/avr/5.4.0/avr5\libgcc.a(_clear_bss.o)
 .text.libgcc   0x00000000        0x0 d:/program files (x86)/atmel/7.0/toolchain/avr8/avr8-gnu-toolchain/bin/../lib/gcc/avr/5.4.0/avr5\libgcc.a(_clear_bss.o)
 .text.libgcc.prologue
                0x00000000        0x0 d:/program files (x86)/atmel/7.0/toolchain/avr8/avr8-gnu-toolchain/bin/../lib/gcc/avr/5.4.0/avr5\libgcc.a(_clear_bss.o)
 .text.libgcc.builtins
                0x00000000        0x0 d:/program files (x86)/atmel/7.0/toolchain/avr8/avr8-gnu-toolchain/bin/../lib/gcc/avr/5.4.0/avr5\libgcc.a(_clear_bss.o)
 .text.libgcc.fmul
                0x00000000        0x0 d:/program files (x86)/atmel/7.0/toolchain/avr8/avr8-gnu-toolchain/bin/../lib/gcc/avr/5.4.0/avr5\libgcc.a(_clear_bss.o)
 .text.libgcc.fixed
                0x00000000        0x0 d:/program files (x86)/atmel/7.0/toolchain/avr8/avr8-gnu-toolchain/bin/../lib/gcc/avr/5.4.0/avr5\libgcc.a(_clear_bss.o)

Memory Configuration

Name             Origin             Length             Attributes
text             0x00000000         0x00020000         xr
data             0x00800060         0x0000ffa0         rw !x
eeprom           0x00810000         0x00010000         rw !x
fuse             0x00820000         0x00000003         rw !x
lock             0x00830000         0x00000400         rw !x
signature        0x00840000         0x00000400         rw !x
user_signatures  0x00850000         0x00000400         rw !x
*default*        0x00000000         0xffffffff

Linker script and memory map

Address of section .data set to 0x800100
LOAD D:/Program Files (x86)/Atmel/7.0/Packs/atmel/ATmega_DFP/1.2.209/gcc/dev/atmega328p/avr5/crtatmega328p.o
LOAD Led.o
LOAD Math.o
LOAD Sketch.o
LOAD Thermistor.o
START GROUP
LOAD d:/program files (x86)/atmel/7.0/toolchain/avr8/avr8-gnu-toolchain/bin/../lib/gcc/avr/5.4.0/../../../../avr/lib/avr5\libm.a
LOAD C:\Users\hanna\Desktop\Koulu\3 Vuosi\EmbeddedSW\Exercise5\Exercise5a2\Exercise5a2\ArduinoCore\Debug\libArduinoCore.a
END GROUP
LOAD d:/program files (x86)/atmel/7.0/toolchain/avr8/avr8-gnu-toolchain/bin/../lib/gcc/avr/5.4.0/avr5\libgcc.a
LOAD d:/program files (x86)/atmel/7.0/toolchain/avr8/avr8-gnu-toolchain/bin/../lib/gcc/avr/5.4.0/../../../../avr/lib/avr5\libm.a
START GROUP
LOAD d:/program files (x86)/atmel/7.0/toolchain/avr8/avr8-gnu-toolchain/bin/../lib/gcc/avr/5.4.0/avr5\libgcc.a
LOAD d:/program files (x86)/atmel/7.0/toolchain/avr8/avr8-gnu-toolchain/bin/../lib/gcc/avr/5.4.0/../../../../avr/lib/avr5\libm.a
LOAD d:/program files (x86)/atmel/7.0/toolchain/avr8/avr8-gnu-toolchain/bin/../lib/gcc/avr/5.4.0/../../../../avr/lib/avr5\libc.a
LOAD D:/Program Files (x86)/Atmel/7.0/Packs/atmel/ATmega_DFP/1.2.209/gcc/dev/atmega328p/avr5\libatmega328p.a
END GROUP
                0x00020000                __TEXT_REGION_LENGTH__ = DEFINED (__TEXT_REGION_LENGTH__)?__TEXT_REGION_LENGTH__:0x20000
                0x0000ffa0                __DATA_REGION_LENGTH__ = DEFINED (__DATA_REGION_LENGTH__)?__DATA_REGION_LENGTH__:0xffa0
                0x00010000                __EEPROM_REGION_LENGTH__ = DEFINED (__EEPROM_REGION_LENGTH__)?__EEPROM_REGION_LENGTH__:0x10000
                [0x00000003]                __FUSE_REGION_LENGTH__ = DEFINED (__FUSE_REGION_LENGTH__)?__FUSE_REGION_LENGTH__:0x400
                0x00000400                __LOCK_REGION_LENGTH__ = DEFINED (__LOCK_REGION_LENGTH__)?__LOCK_REGION_LENGTH__:0x400
                0x00000400                __SIGNATURE_REGION_LENGTH__ = DEFINED (__SIGNATURE_REGION_LENGTH__)?__SIGNATURE_REGION_LENGTH__:0x400
                0x00000400                __USER_SIGNATURE_REGION_LENGTH__ = DEFINED (__USER_SIGNATURE_REGION_LENGTH__)?__USER_SIGNATURE_REGION_LENGTH__:0x400

.hash
 *(.hash)

.dynsym
 *(.dynsym)

.dynstr
 *(.dynstr)

.gnu.version
 *(.gnu.version)

.gnu.version_d
 *(.gnu.version_d)

.gnu.version_r
 *(.gnu.version_r)

.rel.init
 *(.rel.init)

.rela.init
 *(.rela.init)

.rel.text
 *(.rel.text)
 *(.rel.text.*)
 *(.rel.gnu.linkonce.t*)

.rela.text
 *(.rela.text)
 *(.rela.text.*)
 *(.rela.gnu.linkonce.t*)

.rel.fini
 *(.rel.fini)

.rela.fini
 *(.rela.fini)

.rel.rodata
 *(.rel.rodata)
 *(.rel.rodata.*)
 *(.rel.gnu.linkonce.r*)

.rela.rodata
 *(.rela.rodata)
 *(.rela.rodata.*)
 *(.rela.gnu.linkonce.r*)

.rel.data
 *(.rel.data)
 *(.rel.data.*)
 *(.rel.gnu.linkonce.d*)

.rela.data
 *(.rela.data)
 *(.rela.data.*)
 *(.rela.gnu.linkonce.d*)

.rel.ctors
 *(.rel.ctors)

.rela.ctors
 *(.rela.ctors)

.rel.dtors
 *(.rel.dtors)

.rela.dtors
 *(.rela.dtors)

.rel.got
 *(.rel.got)

.rela.got
 *(.rela.got)

.rel.bss
 *(.rel.bss)

.rela.bss
 *(.rela.bss)

.rel.plt
 *(.rel.plt)

.rela.plt
 *(.rela.plt)

.text           0x00000000      0xcca
 *(.vectors)
 .vectors       0x00000000       0x68 D:/Program Files (x86)/Atmel/7.0/Packs/atmel/ATmega_DFP/1.2.209/gcc/dev/atmega328p/avr5/crtatmega328p.o
                0x00000000                __vector_default
                0x00000000                __vectors
 *(.vectors)
 *(.progmem.gcc*)
                0x00000068                . = ALIGN (0x2)
                0x00000068                __trampolines_start = .
 *(.trampolines)
 .trampolines   0x00000068        0x0 linker stubs
 *(.trampolines*)
                0x00000068                __trampolines_end = .
 *libprintf_flt.a:*(.progmem.data)
 *libc.a:*(.progmem.data)
 *(.progmem*)
 .progmem.data.digital_pin_to_timer_PGM
                0x00000068       0x14 C:\Users\hanna\Desktop\Koulu\3 Vuosi\EmbeddedSW\Exercise5\Exercise5a2\Exercise5a2\ArduinoCore\Debug\libArduinoCore.a(wiring_digital.o)
                0x00000068                digital_pin_to_timer_PGM
 .progmem.data.digital_pin_to_bit_mask_PGM
                0x0000007c       0x14 C:\Users\hanna\Desktop\Koulu\3 Vuosi\EmbeddedSW\Exercise5\Exercise5a2\Exercise5a2\ArduinoCore\Debug\libArduinoCore.a(wiring_digital.o)
                0x0000007c                digital_pin_to_bit_mask_PGM
 .progmem.data.digital_pin_to_port_PGM
                0x00000090       0x14 C:\Users\hanna\Desktop\Koulu\3 Vuosi\EmbeddedSW\Exercise5\Exercise5a2\Exercise5a2\ArduinoCore\Debug\libArduinoCore.a(wiring_digital.o)
                0x00000090                digital_pin_to_port_PGM
 .progmem.data.port_to_output_PGM
                0x000000a4        0xa C:\Users\hanna\Desktop\Koulu\3 Vuosi\EmbeddedSW\Exercise5\Exercise5a2\Exercise5a2\ArduinoCore\Debug\libArduinoCore.a(wiring_digital.o)
                0x000000a4                port_to_output_PGM
 .progmem.data.port_to_mode_PGM
                0x000000ae        0xa C:\Users\hanna\Desktop\Koulu\3 Vuosi\EmbeddedSW\Exercise5\Exercise5a2\Exercise5a2\ArduinoCore\Debug\libArduinoCore.a(wiring_digital.o)
                0x000000ae                port_to_mode_PGM
                0x000000b8                . = ALIGN (0x2)
 *(.jumptables)
 *(.jumptables*)
 *(.lowtext)
 *(.lowtext*)
                0x000000b8                __ctors_start = .
 *(.ctors)
                0x000000b8                __ctors_end = .
                0x000000b8                __dtors_start = .
 *(.dtors)
                0x000000b8                __dtors_end = .
 SORT(*)(.ctors)
 SORT(*)(.dtors)
 *(.init0)
 .init0         0x000000b8        0x0 D:/Program Files (x86)/Atmel/7.0/Packs/atmel/ATmega_DFP/1.2.209/gcc/dev/atmega328p/avr5/crtatmega328p.o
                0x000000b8                __init
 *(.init0)
 *(.init1)
 *(.init1)
 *(.init2)
 .init2         0x000000b8        0xc D:/Program Files (x86)/Atmel/7.0/Packs/atmel/ATmega_DFP/1.2.209/gcc/dev/atmega328p/avr5/crtatmega328p.o
 *(.init2)
 *(.init3)
 *(.init3)
 *(.init4)
 .init4         0x000000c4       0x16 d:/program files (x86)/atmel/7.0/toolchain/avr8/avr8-gnu-toolchain/bin/../lib/gcc/avr/5.4.0/avr5\libgcc.a(_copy_data.o)
                0x000000c4                __do_copy_data
 .init4         0x000000da       0x10 d:/program files (x86)/atmel/7.0/toolchain/avr8/avr8-gnu-toolchain/bin/../lib/gcc/avr/5.4.0/avr5\libgcc.a(_clear_bss.o)
                0x000000da                __do_clear_bss
 *(.init4)
 *(.init5)
 *(.init5)
 *(.init6)
 *(.init6)
 *(.init7)
 *(.init7)
 *(.init8)
 *(.init8)
 *(.init9)
 .init9         0x000000ea        0x8 D:/Program Files (x86)/Atmel/7.0/Packs/atmel/ATmega_DFP/1.2.209/gcc/dev/atmega328p/avr5/crtatmega328p.o
 *(.init9)
 *(.text)
 .text          0x000000f2        0x4 D:/Program Files (x86)/Atmel/7.0/Packs/atmel/ATmega_DFP/1.2.209/gcc/dev/atmega328p/avr5/crtatmega328p.o
                0x000000f2                __vector_22
                0x000000f2                __vector_1
                0x000000f2                __vector_24
                0x000000f2                __vector_12
                0x000000f2                __bad_interrupt
                0x000000f2                __vector_6
                0x000000f2                __vector_3
                0x000000f2                __vector_23
                0x000000f2                __vector_25
                0x000000f2                __vector_13
                0x000000f2                __vector_17
                0x000000f2                __vector_19
                0x000000f2                __vector_7
                0x000000f2                __vector_5
                0x000000f2                __vector_4
                0x000000f2                __vector_9
                0x000000f2                __vector_2
                0x000000f2                __vector_21
                0x000000f2                __vector_15
                0x000000f2                __vector_8
                0x000000f2                __vector_14
                0x000000f2                __vector_10
                0x000000f2                __vector_18
                0x000000f2                __vector_20
                0x000000f6                . = ALIGN (0x2)
 *(.text.*)
 .text._Z10greenLedOnv
                0x000000f6       0x24 Led.o
                0x000000f6                _Z10greenLedOnv
 .text._Z8redLedOnv
                0x0000011a       0x24 Led.o
                0x0000011a                _Z8redLedOnv
 .text._Z12redLed2OnOffv
                0x0000013e       0x28 Led.o
                0x0000013e                _Z12redLed2OnOffv
 .text._Z14yellowLedBlinki
                0x00000166       0x52 Led.o
                0x00000166                _Z14yellowLedBlinki
 .text._Z6ledOffv
                0x000001b8       0x20 Led.o
                0x000001b8                _Z6ledOffv
 .text._Z8checkBiti
                0x000001d8       0x3a Math.o
                0x000001d8                _Z8checkBiti
 .text.setup    0x00000212       0x92 Sketch.o
                0x00000212                setup
 .text.__vector_11
                0x000002a4       0x5a Sketch.o
                0x000002a4                __vector_11
 .text.loop     0x000002fe       0xa4 Sketch.o
                0x000002fe                loop
 .text._Z14getTemperaturev
                0x000003a2      0x20c Thermistor.o
                0x000003a2                _Z14getTemperaturev
 .text._Z10getVoltagev
                0x000005ae       0x26 Thermistor.o
                0x000005ae                _Z10getVoltagev
 .text.avr-libc.fplib
                0x000005d4        0xe d:/program files (x86)/atmel/7.0/toolchain/avr8/avr8-gnu-toolchain/bin/../lib/gcc/avr/5.4.0/../../../../avr/lib/avr5\libm.a(addsf3.o)
                0x000005d4                __subsf3
                0x000005d6                __addsf3
 .text.avr-libc.fplib
                0x000005e2       0xcc d:/program files (x86)/atmel/7.0/toolchain/avr8/avr8-gnu-toolchain/bin/../lib/gcc/avr/5.4.0/../../../../avr/lib/avr5\libm.a(addsf3x.o)
                0x00000604                __addsf3x
 .text.avr-libc.fplib
                0x000006ae        0xa d:/program files (x86)/atmel/7.0/toolchain/avr8/avr8-gnu-toolchain/bin/../lib/gcc/avr/5.4.0/../../../../avr/lib/avr5\libm.a(cmpsf2.o)
                0x000006ae                __nesf2
                0x000006ae                __eqsf2
                0x000006ae                __cmpsf2
                0x000006ae                __ltsf2
                0x000006ae                __lesf2
 .text.avr-libc.fplib
                0x000006b8        0x8 d:/program files (x86)/atmel/7.0/toolchain/avr8/avr8-gnu-toolchain/bin/../lib/gcc/avr/5.4.0/../../../../avr/lib/avr5\libm.a(divsf3.o)
                0x000006b8                __divsf3
 .text.avr-libc.fplib
                0x000006c0       0xdc d:/program files (x86)/atmel/7.0/toolchain/avr8/avr8-gnu-toolchain/bin/../lib/gcc/avr/5.4.0/../../../../avr/lib/avr5\libm.a(divsf3x.o)
                0x000006e0                __divsf3x
                0x000006e6                __divsf3_pse
 .text.avr-libc.fplib
                0x0000079c        0xe d:/program files (x86)/atmel/7.0/toolchain/avr8/avr8-gnu-toolchain/bin/../lib/gcc/avr/5.4.0/../../../../avr/lib/avr5\libm.a(fixsfsi.o)
                0x0000079c                __fixsfsi
 .text.avr-libc.fplib
                0x000007aa       0x5e d:/program files (x86)/atmel/7.0/toolchain/avr8/avr8-gnu-toolchain/bin/../lib/gcc/avr/5.4.0/../../../../avr/lib/avr5\libm.a(fixunssfsi.o)
                0x000007aa                __fixunssfsi
 .text.avr-libc.fplib
                0x00000808       0x7a d:/program files (x86)/atmel/7.0/toolchain/avr8/avr8-gnu-toolchain/bin/../lib/gcc/avr/5.4.0/../../../../avr/lib/avr5\libm.a(floatsisf.o)
                0x00000808                __floatunsisf
                0x0000080c                __floatsisf
 .text.avr-libc.fplib
                0x00000882       0x48 d:/program files (x86)/atmel/7.0/toolchain/avr8/avr8-gnu-toolchain/bin/../lib/gcc/avr/5.4.0/../../../../avr/lib/avr5\libm.a(fp_cmp.o)
                0x00000882                __fp_cmp
 .text.avr-libc.fplib
                0x000008ca        0xc d:/program files (x86)/atmel/7.0/toolchain/avr8/avr8-gnu-toolchain/bin/../lib/gcc/avr/5.4.0/../../../../avr/lib/avr5\libm.a(fp_inf.o)
                0x000008ca                __fp_inf
 .text.avr-libc.fplib
                0x000008d6        0x6 d:/program files (x86)/atmel/7.0/toolchain/avr8/avr8-gnu-toolchain/bin/../lib/gcc/avr/5.4.0/../../../../avr/lib/avr5\libm.a(fp_nan.o)
                0x000008d6                __fp_nan
 .text.avr-libc.fplib
                0x000008dc        0xe d:/program files (x86)/atmel/7.0/toolchain/avr8/avr8-gnu-toolchain/bin/../lib/gcc/avr/5.4.0/../../../../avr/lib/avr5\libm.a(fp_pscA.o)
                0x000008dc                __fp_pscA
 .text.avr-libc.fplib
                0x000008ea        0xe d:/program files (x86)/atmel/7.0/toolchain/avr8/avr8-gnu-toolchain/bin/../lib/gcc/avr/5.4.0/../../../../avr/lib/avr5\libm.a(fp_pscB.o)
                0x000008ea                __fp_pscB
 .text.avr-libc.fplib
                0x000008f8       0x22 d:/program files (x86)/atmel/7.0/toolchain/avr8/avr8-gnu-toolchain/bin/../lib/gcc/avr/5.4.0/../../../../avr/lib/avr5\libm.a(fp_round.o)
                0x000008f8                __fp_round
 .text.avr-libc.fplib
                0x0000091a       0x44 d:/program files (x86)/atmel/7.0/toolchain/avr8/avr8-gnu-toolchain/bin/../lib/gcc/avr/5.4.0/../../../../avr/lib/avr5\libm.a(fp_split3.o)
                0x0000091a                __fp_split3
                0x0000092a                __fp_splitA
 .text.avr-libc.fplib
                0x0000095e        0xe d:/program files (x86)/atmel/7.0/toolchain/avr8/avr8-gnu-toolchain/bin/../lib/gcc/avr/5.4.0/../../../../avr/lib/avr5\libm.a(fp_zero.o)
                0x0000095e                __fp_zero
                0x00000960                __fp_szero
 .text.avr-libc.fplib
                0x0000096c        0xa d:/program files (x86)/atmel/7.0/toolchain/avr8/avr8-gnu-toolchain/bin/../lib/gcc/avr/5.4.0/../../../../avr/lib/avr5\libm.a(gesf2.o)
                0x0000096c                __gesf2
                0x0000096c                __gtsf2
 .text.initVariant
                0x00000976        0x2 C:\Users\hanna\Desktop\Koulu\3 Vuosi\EmbeddedSW\Exercise5\Exercise5a2\Exercise5a2\ArduinoCore\Debug\libArduinoCore.a(main.o)
                0x00000976                initVariant
 .text.startup.main
                0x00000978       0x1e C:\Users\hanna\Desktop\Koulu\3 Vuosi\EmbeddedSW\Exercise5\Exercise5a2\Exercise5a2\ArduinoCore\Debug\libArduinoCore.a(main.o)
                0x00000978                main
 .text.__vector_16
                0x00000996       0x94 C:\Users\hanna\Desktop\Koulu\3 Vuosi\EmbeddedSW\Exercise5\Exercise5a2\Exercise5a2\ArduinoCore\Debug\libArduinoCore.a(wiring.o)
                0x00000996                __vector_16
 .text.micros   0x00000a2a       0x4a C:\Users\hanna\Desktop\Koulu\3 Vuosi\EmbeddedSW\Exercise5\Exercise5a2\Exercise5a2\ArduinoCore\Debug\libArduinoCore.a(wiring.o)
                0x00000a2a                micros
 .text.delay    0x00000a74       0x78 C:\Users\hanna\Desktop\Koulu\3 Vuosi\EmbeddedSW\Exercise5\Exercise5a2\Exercise5a2\ArduinoCore\Debug\libArduinoCore.a(wiring.o)
                0x00000a74                delay
 .text.init     0x00000aec       0x76 C:\Users\hanna\Desktop\Koulu\3 Vuosi\EmbeddedSW\Exercise5\Exercise5a2\Exercise5a2\ArduinoCore\Debug\libArduinoCore.a(wiring.o)
                0x00000aec                init
 .text.analogRead
                0x00000b62       0x3a C:\Users\hanna\Desktop\Koulu\3 Vuosi\EmbeddedSW\Exercise5\Exercise5a2\Exercise5a2\ArduinoCore\Debug\libArduinoCore.a(wiring_analog.o)
                0x00000b62                analogRead
 .text.turnOffPWM
                0x00000b9c       0x52 C:\Users\hanna\Desktop\Koulu\3 Vuosi\EmbeddedSW\Exercise5\Exercise5a2\Exercise5a2\ArduinoCore\Debug\libArduinoCore.a(wiring_digital.o)
 .text.pinMode  0x00000bee       0x78 C:\Users\hanna\Desktop\Koulu\3 Vuosi\EmbeddedSW\Exercise5\Exercise5a2\Exercise5a2\ArduinoCore\Debug\libArduinoCore.a(wiring_digital.o)
                0x00000bee                pinMode
 .text.digitalWrite
                0x00000c66       0x5e C:\Users\hanna\Desktop\Koulu\3 Vuosi\EmbeddedSW\Exercise5\Exercise5a2\Exercise5a2\ArduinoCore\Debug\libArduinoCore.a(wiring_digital.o)
                0x00000c66                digitalWrite
 .text.__empty  0x00000cc4        0x2 C:\Users\hanna\Desktop\Koulu\3 Vuosi\EmbeddedSW\Exercise5\Exercise5a2\Exercise5a2\ArduinoCore\Debug\libArduinoCore.a(hooks.o)
                0x00000cc4                yield
                0x00000cc6                . = ALIGN (0x2)
 *(.fini9)
 .fini9         0x00000cc6        0x0 d:/program files (x86)/atmel/7.0/toolchain/avr8/avr8-gnu-toolchain/bin/../lib/gcc/avr/5.4.0/avr5\libgcc.a(_exit.o)
                0x00000cc6                _exit
                0x00000cc6                exit
 *(.fini9)
 *(.fini8)
 *(.fini8)
 *(.fini7)
 *(.fini7)
 *(.fini6)
 *(.fini6)
 *(.fini5)
 *(.fini5)
 *(.fini4)
 *(.fini4)
 *(.fini3)
 *(.fini3)
 *(.fini2)
 *(.fini2)
 *(.fini1)
 *(.fini1)
 *(.fini0)
 .fini0         0x00000cc6        0x4 d:/program files (x86)/atmel/7.0/toolchain/avr8/avr8-gnu-toolchain/bin/../lib/gcc/avr/5.4.0/avr5\libgcc.a(_exit.o)
 *(.fini0)
                0x00000cca                _etext = .

.data           0x00800100       0xc0 load address 0x00000cca
                0x00800100                PROVIDE (__data_start, .)
 *(.data)
 *(.data*)
 .data.analog_reference
                0x00800100        0x1 C:\Users\hanna\Desktop\Koulu\3 Vuosi\EmbeddedSW\Exercise5\Exercise5a2\Exercise5a2\ArduinoCore\Debug\libArduinoCore.a(wiring_analog.o)
                0x00800100                analog_reference
 *(.gnu.linkonce.d*)
 *(.rodata)
 *(.rodata*)
 .rodata._ZL8adcTable
                0x00800101       0x3e Thermistor.o
 .rodata._ZL6cTable
                0x0080013f       0x80 Thermistor.o
 *(.gnu.linkonce.r*)
                0x008001c0                . = ALIGN (0x2)
 *fill*         0x008001bf        0x1 
                0x008001c0                _edata = .
                0x008001c0                PROVIDE (__data_end, .)

.bss            0x008001c0        0xa
                0x008001c0                PROVIDE (__bss_start, .)
 *(.bss)
 *(.bss*)
 .bss.state     0x008001c0        0x1 Led.o
                0x008001c0                state
 .bss.timer0_fract
                0x008001c1        0x1 C:\Users\hanna\Desktop\Koulu\3 Vuosi\EmbeddedSW\Exercise5\Exercise5a2\Exercise5a2\ArduinoCore\Debug\libArduinoCore.a(wiring.o)
 .bss.timer0_millis
                0x008001c2        0x4 C:\Users\hanna\Desktop\Koulu\3 Vuosi\EmbeddedSW\Exercise5\Exercise5a2\Exercise5a2\ArduinoCore\Debug\libArduinoCore.a(wiring.o)
                0x008001c2                timer0_millis
 .bss.timer0_overflow_count
                0x008001c6        0x4 C:\Users\hanna\Desktop\Koulu\3 Vuosi\EmbeddedSW\Exercise5\Exercise5a2\Exercise5a2\ArduinoCore\Debug\libArduinoCore.a(wiring.o)
                0x008001c6                timer0_overflow_count
 *(COMMON)
                0x008001ca                PROVIDE (__bss_end, .)
                0x00000cca                __data_load_start = LOADADDR (.data)
                0x00000d8a                __data_load_end = (__data_load_start + SIZEOF (.data))

.noinit         0x008001ca        0x0
                [!provide]                PROVIDE (__noinit_start, .)
 *(.noinit*)
                [!provide]                PROVIDE (__noinit_end, .)
                0x008001ca                _end = .
                [!provide]                PROVIDE (__heap_start, .)

.eeprom         0x00810000        0x0
 *(.eeprom*)
                0x00810000                __eeprom_end = .

.fuse
 *(.fuse)
 *(.lfuse)
 *(.hfuse)
 *(.efuse)

.lock
 *(.lock*)

.signature
 *(.signature*)

.user_signatures
 *(.user_signatures*)

.stab
 *(.stab)

.stabstr
 *(.stabstr)

.stab.excl
 *(.stab.excl)

.stab.exclstr
 *(.stab.exclstr)

.stab.index
 *(.stab.index)

.stab.indexstr
 *(.stab.indexstr)

.comment        0x00000000       0x30
 *(.comment)
 .comment       0x00000000       0x30 Led.o
                                 0x31 (size before relaxing)
 .comment       0x00000030       0x31 Math.o
 .comment       0x00000030       0x31 Sketch.o
 .comment       0x00000030       0x31 Thermistor.o
 .comment       0x00000030       0x31 C:\Users\hanna\Desktop\Koulu\3 Vuosi\EmbeddedSW\Exercise5\Exercise5a2\Exercise5a2\ArduinoCore\Debug\libArduinoCore.a(main.o)
 .comment       0x00000030       0x31 C:\Users\hanna\Desktop\Koulu\3 Vuosi\EmbeddedSW\Exercise5\Exercise5a2\Exercise5a2\ArduinoCore\Debug\libArduinoCore.a(wiring.o)
 .comment       0x00000030       0x31 C:\Users\hanna\Desktop\Koulu\3 Vuosi\EmbeddedSW\Exercise5\Exercise5a2\Exercise5a2\ArduinoCore\Debug\libArduinoCore.a(wiring_analog.o)
 .comment       0x00000030       0x31 C:\Users\hanna\Desktop\Koulu\3 Vuosi\EmbeddedSW\Exercise5\Exercise5a2\Exercise5a2\ArduinoCore\Debug\libArduinoCore.a(wiring_digital.o)
 .comment       0x00000030       0x31 C:\Users\hanna\Desktop\Koulu\3 Vuosi\EmbeddedSW\Exercise5\Exercise5a2\Exercise5a2\ArduinoCore\Debug\libArduinoCore.a(hooks.o)

.note.gnu.avr.deviceinfo
                0x00000000       0x40
 .note.gnu.avr.deviceinfo
                0x00000000       0x40 D:/Program Files (x86)/Atmel/7.0/Packs/atmel/ATmega_DFP/1.2.209/gcc/dev/atmega328p/avr5/crtatmega328p.o

.note.gnu.build-id
 *(.note.gnu.build-id)

.debug
 *(.debug)

.line
 *(.line)

.debug_srcinfo
 *(.debug_srcinfo)

.debug_sfnames
 *(.debug_sfnames)

.debug_aranges  0x00000000      0x1b8
 *(.debug_aranges)
 .debug_aranges
                0x00000000       0x40 Led.o
 .debug_aranges
                0x00000040       0x20 Math.o
 .debug_aranges
                0x00000060       0x30 Sketch.o
 .debug_aranges
                0x00000090       0x28 Thermistor.o
 .debug_aranges
                0x000000b8       0x30 C:\Users\hanna\Desktop\Koulu\3 Vuosi\EmbeddedSW\Exercise5\Exercise5a2\Exercise5a2\ArduinoCore\Debug\libArduinoCore.a(main.o)
 .debug_aranges
                0x000000e8       0x48 C:\Users\hanna\Desktop\Koulu\3 Vuosi\EmbeddedSW\Exercise5\Exercise5a2\Exercise5a2\ArduinoCore\Debug\libArduinoCore.a(wiring.o)
 .debug_aranges
                0x00000130       0x30 C:\Users\hanna\Desktop\Koulu\3 Vuosi\EmbeddedSW\Exercise5\Exercise5a2\Exercise5a2\ArduinoCore\Debug\libArduinoCore.a(wiring_analog.o)
 .debug_aranges
                0x00000160       0x38 C:\Users\hanna\Desktop\Koulu\3 Vuosi\EmbeddedSW\Exercise5\Exercise5a2\Exercise5a2\ArduinoCore\Debug\libArduinoCore.a(wiring_digital.o)
 .debug_aranges
                0x00000198       0x20 C:\Users\hanna\Desktop\Koulu\3 Vuosi\EmbeddedSW\Exercise5\Exercise5a2\Exercise5a2\ArduinoCore\Debug\libArduinoCore.a(hooks.o)

.debug_pubnames
 *(.debug_pubnames)

.debug_info     0x00000000     0x1cff
 *(.debug_info .gnu.linkonce.wi.*)
 .debug_info    0x00000000      0x5f4 D:/Program Files (x86)/Atmel/7.0/Packs/atmel/ATmega_DFP/1.2.209/gcc/dev/atmega328p/avr5/crtatmega328p.o
 .debug_info    0x000005f4      0x24b Led.o
 .debug_info    0x0000083f      0x1e7 Math.o
 .debug_info    0x00000a26      0x288 Sketch.o
 .debug_info    0x00000cae      0x2a6 Thermistor.o
 .debug_info    0x00000f54      0x237 C:\Users\hanna\Desktop\Koulu\3 Vuosi\EmbeddedSW\Exercise5\Exercise5a2\Exercise5a2\ArduinoCore\Debug\libArduinoCore.a(main.o)
 .debug_info    0x0000118b      0x2cb C:\Users\hanna\Desktop\Koulu\3 Vuosi\EmbeddedSW\Exercise5\Exercise5a2\Exercise5a2\ArduinoCore\Debug\libArduinoCore.a(wiring.o)
 .debug_info    0x00001456      0x26d C:\Users\hanna\Desktop\Koulu\3 Vuosi\EmbeddedSW\Exercise5\Exercise5a2\Exercise5a2\ArduinoCore\Debug\libArduinoCore.a(wiring_analog.o)
 .debug_info    0x000016c3      0x5fe C:\Users\hanna\Desktop\Koulu\3 Vuosi\EmbeddedSW\Exercise5\Exercise5a2\Exercise5a2\ArduinoCore\Debug\libArduinoCore.a(wiring_digital.o)
 .debug_info    0x00001cc1       0x3e C:\Users\hanna\Desktop\Koulu\3 Vuosi\EmbeddedSW\Exercise5\Exercise5a2\Exercise5a2\ArduinoCore\Debug\libArduinoCore.a(hooks.o)

.debug_abbrev   0x00000000      0xe02
 *(.debug_abbrev)
 .debug_abbrev  0x00000000      0x5a2 D:/Program Files (x86)/Atmel/7.0/Packs/atmel/ATmega_DFP/1.2.209/gcc/dev/atmega328p/avr5/crtatmega328p.o
 .debug_abbrev  0x000005a2       0xd3 Led.o
 .debug_abbrev  0x00000675       0xab Math.o
 .debug_abbrev  0x00000720       0xc8 Sketch.o
 .debug_abbrev  0x000007e8       0xb7 Thermistor.o
 .debug_abbrev  0x0000089f      0x12d C:\Users\hanna\Desktop\Koulu\3 Vuosi\EmbeddedSW\Exercise5\Exercise5a2\Exercise5a2\ArduinoCore\Debug\libArduinoCore.a(main.o)
 .debug_abbrev  0x000009cc      0x146 C:\Users\hanna\Desktop\Koulu\3 Vuosi\EmbeddedSW\Exercise5\Exercise5a2\Exercise5a2\ArduinoCore\Debug\libArduinoCore.a(wiring.o)
 .debug_abbrev  0x00000b12      0x16b C:\Users\hanna\Desktop\Koulu\3 Vuosi\EmbeddedSW\Exercise5\Exercise5a2\Exercise5a2\ArduinoCore\Debug\libArduinoCore.a(wiring_analog.o)
 .debug_abbrev  0x00000c7d      0x15b C:\Users\hanna\Desktop\Koulu\3 Vuosi\EmbeddedSW\Exercise5\Exercise5a2\Exercise5a2\ArduinoCore\Debug\libArduinoCore.a(wiring_digital.o)
 .debug_abbrev  0x00000dd8       0x2a C:\Users\hanna\Desktop\Koulu\3 Vuosi\EmbeddedSW\Exercise5\Exercise5a2\Exercise5a2\ArduinoCore\Debug\libArduinoCore.a(hooks.o)

.debug_line     0x00000000     0x101c
 *(.debug_line .debug_line.* .debug_line_end)
 .debug_line    0x00000000      0x133 D:/Program Files (x86)/Atmel/7.0/Packs/atmel/ATmega_DFP/1.2.209/gcc/dev/atmega328p/avr5/crtatmega328p.o
 .debug_line    0x00000133      0x1a6 Led.o
 .debug_line    0x000002d9      0x111 Math.o
 .debug_line    0x000003ea      0x1f1 Sketch.o
 .debug_line    0x000005db      0x1bd Thermistor.o
 .debug_line    0x00000798      0x15e C:\Users\hanna\Desktop\Koulu\3 Vuosi\EmbeddedSW\Exercise5\Exercise5a2\Exercise5a2\ArduinoCore\Debug\libArduinoCore.a(main.o)
 .debug_line    0x000008f6      0x292 C:\Users\hanna\Desktop\Koulu\3 Vuosi\EmbeddedSW\Exercise5\Exercise5a2\Exercise5a2\ArduinoCore\Debug\libArduinoCore.a(wiring.o)
 .debug_line    0x00000b88      0x208 C:\Users\hanna\Desktop\Koulu\3 Vuosi\EmbeddedSW\Exercise5\Exercise5a2\Exercise5a2\ArduinoCore\Debug\libArduinoCore.a(wiring_analog.o)
 .debug_line    0x00000d90      0x24b C:\Users\hanna\Desktop\Koulu\3 Vuosi\EmbeddedSW\Exercise5\Exercise5a2\Exercise5a2\ArduinoCore\Debug\libArduinoCore.a(wiring_digital.o)
 .debug_line    0x00000fdb       0x41 C:\Users\hanna\Desktop\Koulu\3 Vuosi\EmbeddedSW\Exercise5\Exercise5a2\Exercise5a2\ArduinoCore\Debug\libArduinoCore.a(hooks.o)

.debug_frame    0x00000000      0x400
 *(.debug_frame)
 .debug_frame   0x00000000       0xb4 Led.o
 .debug_frame   0x000000b4       0x34 Math.o
 .debug_frame   0x000000e8       0xb8 Sketch.o
 .debug_frame   0x000001a0       0x54 Thermistor.o
 .debug_frame   0x000001f4       0x54 C:\Users\hanna\Desktop\Koulu\3 Vuosi\EmbeddedSW\Exercise5\Exercise5a2\Exercise5a2\ArduinoCore\Debug\libArduinoCore.a(main.o)
 .debug_frame   0x00000248       0xc4 C:\Users\hanna\Desktop\Koulu\3 Vuosi\EmbeddedSW\Exercise5\Exercise5a2\Exercise5a2\ArduinoCore\Debug\libArduinoCore.a(wiring.o)
 .debug_frame   0x0000030c       0x54 C:\Users\hanna\Desktop\Koulu\3 Vuosi\EmbeddedSW\Exercise5\Exercise5a2\Exercise5a2\ArduinoCore\Debug\libArduinoCore.a(wiring_analog.o)
 .debug_frame   0x00000360       0x7c C:\Users\hanna\Desktop\Koulu\3 Vuosi\EmbeddedSW\Exercise5\Exercise5a2\Exercise5a2\ArduinoCore\Debug\libArduinoCore.a(wiring_digital.o)
 .debug_frame   0x000003dc       0x24 C:\Users\hanna\Desktop\Koulu\3 Vuosi\EmbeddedSW\Exercise5\Exercise5a2\Exercise5a2\ArduinoCore\Debug\libArduinoCore.a(hooks.o)

.debug_str      0x00000000      0xa45
 *(.debug_str)
 .debug_str     0x00000000      0x208 D:/Program Files (x86)/Atmel/7.0/Packs/atmel/ATmega_DFP/1.2.209/gcc/dev/atmega328p/avr5/crtatmega328p.o
 .debug_str     0x00000208      0x2b6 Led.o
                                0x2f6 (size before relaxing)
 .debug_str     0x000004be       0x31 Math.o
                                0x288 (size before relaxing)
 .debug_str     0x000004ef       0x41 Sketch.o
                                0x29f (size before relaxing)
 .debug_str     0x00000530       0x81 Thermistor.o
                                0x2f1 (size before relaxing)
 .debug_str     0x000005b1      0x1c6 C:\Users\hanna\Desktop\Koulu\3 Vuosi\EmbeddedSW\Exercise5\Exercise5a2\Exercise5a2\ArduinoCore\Debug\libArduinoCore.a(main.o)
                                0x2c3 (size before relaxing)
 .debug_str     0x00000777      0x16b C:\Users\hanna\Desktop\Koulu\3 Vuosi\EmbeddedSW\Exercise5\Exercise5a2\Exercise5a2\ArduinoCore\Debug\libArduinoCore.a(wiring.o)
                                0x259 (size before relaxing)
 .debug_str     0x000008e2       0x9e C:\Users\hanna\Desktop\Koulu\3 Vuosi\EmbeddedSW\Exercise5\Exercise5a2\Exercise5a2\ArduinoCore\Debug\libArduinoCore.a(wiring_analog.o)
                                0x25d (size before relaxing)
 .debug_str     0x00000980       0xa9 C:\Users\hanna\Desktop\Koulu\3 Vuosi\EmbeddedSW\Exercise5\Exercise5a2\Exercise5a2\ArduinoCore\Debug\libArduinoCore.a(wiring_digital.o)
                                0x2be (size before relaxing)
 .debug_str     0x00000a29       0x1c C:\Users\hanna\Desktop\Koulu\3 Vuosi\EmbeddedSW\Exercise5\Exercise5a2\Exercise5a2\ArduinoCore\Debug\libArduinoCore.a(hooks.o)
                                0x14e (size before relaxing)

.debug_loc      0x00000000      0xd05
 *(.debug_loc)
 .debug_loc     0x00000000      0x134 Led.o
 .debug_loc     0x00000134       0x48 Math.o
 .debug_loc     0x0000017c      0x173 Sketch.o
 .debug_loc     0x000002ef       0x8f Thermistor.o
 .debug_loc     0x0000037e      0x28d C:\Users\hanna\Desktop\Koulu\3 Vuosi\EmbeddedSW\Exercise5\Exercise5a2\Exercise5a2\ArduinoCore\Debug\libArduinoCore.a(wiring.o)
 .debug_loc     0x0000060b       0xfe C:\Users\hanna\Desktop\Koulu\3 Vuosi\EmbeddedSW\Exercise5\Exercise5a2\Exercise5a2\ArduinoCore\Debug\libArduinoCore.a(wiring_analog.o)
 .debug_loc     0x00000709      0x5fc C:\Users\hanna\Desktop\Koulu\3 Vuosi\EmbeddedSW\Exercise5\Exercise5a2\Exercise5a2\ArduinoCore\Debug\libArduinoCore.a(wiring_digital.o)

.debug_macinfo
 *(.debug_macinfo)

.debug_weaknames
 *(.debug_weaknames)

.debug_funcnames
 *(.debug_funcnames)

.debug_typenames
 *(.debug_typenames)

.debug_varnames
 *(.debug_varnames)

.debug_pubtypes
 *(.debug_pubtypes)

.debug_ranges   0x00000000      0x128
 *(.debug_ranges)
 .debug_ranges  0x00000000       0x30 Led.o
 .debug_ranges  0x00000030       0x10 Math.o
 .debug_ranges  0x00000040       0x20 Sketch.o
 .debug_ranges  0x00000060       0x18 Thermistor.o
 .debug_ranges  0x00000078       0x20 C:\Users\hanna\Desktop\Koulu\3 Vuosi\EmbeddedSW\Exercise5\Exercise5a2\Exercise5a2\ArduinoCore\Debug\libArduinoCore.a(main.o)
 .debug_ranges  0x00000098       0x38 C:\Users\hanna\Desktop\Koulu\3 Vuosi\EmbeddedSW\Exercise5\Exercise5a2\Exercise5a2\ArduinoCore\Debug\libArduinoCore.a(wiring.o)
 .debug_ranges  0x000000d0       0x20 C:\Users\hanna\Desktop\Koulu\3 Vuosi\EmbeddedSW\Exercise5\Exercise5a2\Exercise5a2\ArduinoCore\Debug\libArduinoCore.a(wiring_analog.o)
 .debug_ranges  0x000000f0       0x28 C:\Users\hanna\Desktop\Koulu\3 Vuosi\EmbeddedSW\Exercise5\Exercise5a2\Exercise5a2\ArduinoCore\Debug\libArduinoCore.a(wiring_digital.o)
 .debug_ranges  0x00000118       0x10 C:\Users\hanna\Desktop\Koulu\3 Vuosi\EmbeddedSW\Exercise5\Exercise5a2\Exercise5a2\ArduinoCore\Debug\libArduinoCore.a(hooks.o)

.debug_macro
 *(.debug_macro)
OUTPUT(Exercise5.elf elf32-avr)
LOAD linker stubs
